<?xml version="1.0" encoding="ISO-8859-1" ?>
<link_info>
   <banner>TI ARM Linker PC v20.2.7.LTS</banner>
   <copyright>Copyright (c) 1996-2018 Texas Instruments Incorporated</copyright>
   <link_time>0x69f8a144</link_time>
   <link_errors>0x0</link_errors>
   <output_file>final.out</output_file>
   <entry_point>
      <name>_c_int00_noargs</name>
      <address>0x4539</address>
   </entry_point>
   <input_file_list>
      <input_file id="fl-2">
         <path>.\</path>
         <kind>object</kind>
         <file>coffee_machine.obj</file>
         <name>coffee_machine.obj</name>
      </input_file>
      <input_file id="fl-3">
         <path>.\</path>
         <kind>object</kind>
         <file>heap_2.obj</file>
         <name>heap_2.obj</name>
      </input_file>
      <input_file id="fl-4">
         <path>.\</path>
         <kind>object</kind>
         <file>keypad_driver.obj</file>
         <name>keypad_driver.obj</name>
      </input_file>
      <input_file id="fl-5">
         <path>.\</path>
         <kind>object</kind>
         <file>lcd.obj</file>
         <name>lcd.obj</name>
      </input_file>
      <input_file id="fl-6">
         <path>.\</path>
         <kind>object</kind>
         <file>list.obj</file>
         <name>list.obj</name>
      </input_file>
      <input_file id="fl-7">
         <path>.\</path>
         <kind>object</kind>
         <file>main.obj</file>
         <name>main.obj</name>
      </input_file>
      <input_file id="fl-8">
         <path>.\</path>
         <kind>object</kind>
         <file>port.obj</file>
         <name>port.obj</name>
      </input_file>
      <input_file id="fl-9">
         <path>.\</path>
         <kind>object</kind>
         <file>portasm.obj</file>
         <name>portasm.obj</name>
      </input_file>
      <input_file id="fl-a">
         <path>.\</path>
         <kind>object</kind>
         <file>queue.obj</file>
         <name>queue.obj</name>
      </input_file>
      <input_file id="fl-b">
         <path>.\</path>
         <kind>object</kind>
         <file>rotary_encoder.obj</file>
         <name>rotary_encoder.obj</name>
      </input_file>
      <input_file id="fl-c">
         <path>.\</path>
         <kind>object</kind>
         <file>startup_frt.obj</file>
         <name>startup_frt.obj</name>
      </input_file>
      <input_file id="fl-d">
         <path>.\</path>
         <kind>object</kind>
         <file>status_led.obj</file>
         <name>status_led.obj</name>
      </input_file>
      <input_file id="fl-e">
         <path>.\</path>
         <kind>object</kind>
         <file>switch.obj</file>
         <name>switch.obj</name>
      </input_file>
      <input_file id="fl-f">
         <path>.\</path>
         <kind>object</kind>
         <file>systick_frt.obj</file>
         <name>systick_frt.obj</name>
      </input_file>
      <input_file id="fl-10">
         <path>.\</path>
         <kind>object</kind>
         <file>tasks.obj</file>
         <name>tasks.obj</name>
      </input_file>
      <input_file id="fl-11">
         <path>.\</path>
         <kind>object</kind>
         <file>timer.obj</file>
         <name>timer.obj</name>
      </input_file>
      <input_file id="fl-15">
         <kind>object</kind>
         <file>&lt;internal&gt;</file>
         <name>&lt;internal&gt;</name>
      </input_file>
      <input_file id="fl-cb">
         <path>C:\ti\ccs1260\ccs\tools\compiler\ti-cgt-arm_20.2.7.LTS\lib\</path>
         <kind>archive</kind>
         <file>rtsv7M4_T_le_v4SPD16_eabi.lib</file>
         <name>memcpy_t2.asm.obj</name>
      </input_file>
      <input_file id="fl-cc">
         <path>C:\ti\ccs1260\ccs\tools\compiler\ti-cgt-arm_20.2.7.LTS\lib\</path>
         <kind>archive</kind>
         <file>rtsv7M4_T_le_v4SPD16_eabi.lib</file>
         <name>memset_t2.asm.obj</name>
      </input_file>
      <input_file id="fl-cd">
         <path>C:\ti\ccs1260\ccs\tools\compiler\ti-cgt-arm_20.2.7.LTS\lib\</path>
         <kind>archive</kind>
         <file>rtsv7M4_T_le_v4SPD16_eabi.lib</file>
         <name>copy_zero_init.c.obj</name>
      </input_file>
      <input_file id="fl-ce">
         <path>C:\ti\ccs1260\ccs\tools\compiler\ti-cgt-arm_20.2.7.LTS\lib\</path>
         <kind>archive</kind>
         <file>rtsv7M4_T_le_v4SPD16_eabi.lib</file>
         <name>copy_decompress_none.c.obj</name>
      </input_file>
      <input_file id="fl-cf">
         <path>C:\ti\ccs1260\ccs\tools\compiler\ti-cgt-arm_20.2.7.LTS\lib\</path>
         <kind>archive</kind>
         <file>rtsv7M4_T_le_v4SPD16_eabi.lib</file>
         <name>copy_decompress_lzss.c.obj</name>
      </input_file>
      <input_file id="fl-d0">
         <path>C:\ti\ccs1260\ccs\tools\compiler\ti-cgt-arm_20.2.7.LTS\lib\</path>
         <kind>archive</kind>
         <file>rtsv7M4_T_le_v4SPD16_eabi.lib</file>
         <name>strcat.c.obj</name>
      </input_file>
      <input_file id="fl-d1">
         <path>C:\ti\ccs1260\ccs\tools\compiler\ti-cgt-arm_20.2.7.LTS\lib\</path>
         <kind>archive</kind>
         <file>rtsv7M4_T_le_v4SPD16_eabi.lib</file>
         <name>strcmp.c.obj</name>
      </input_file>
      <input_file id="fl-d2">
         <path>C:\ti\ccs1260\ccs\tools\compiler\ti-cgt-arm_20.2.7.LTS\lib\</path>
         <kind>archive</kind>
         <file>rtsv7M4_T_le_v4SPD16_eabi.lib</file>
         <name>strcpy.c.obj</name>
      </input_file>
      <input_file id="fl-d3">
         <path>C:\ti\ccs1260\ccs\tools\compiler\ti-cgt-arm_20.2.7.LTS\lib\</path>
         <kind>archive</kind>
         <file>rtsv7M4_T_le_v4SPD16_eabi.lib</file>
         <name>strlen.c.obj</name>
      </input_file>
      <input_file id="fl-d4">
         <path>C:\ti\ccs1260\ccs\tools\compiler\ti-cgt-arm_20.2.7.LTS\lib\</path>
         <kind>archive</kind>
         <file>rtsv7M4_T_le_v4SPD16_eabi.lib</file>
         <name>boot_cortex_m.c.obj</name>
      </input_file>
      <input_file id="fl-d5">
         <path>C:\ti\ccs1260\ccs\tools\compiler\ti-cgt-arm_20.2.7.LTS\lib\</path>
         <kind>archive</kind>
         <file>rtsv7M4_T_le_v4SPD16_eabi.lib</file>
         <name>autoinit.c.obj</name>
      </input_file>
      <input_file id="fl-d6">
         <path>C:\ti\ccs1260\ccs\tools\compiler\ti-cgt-arm_20.2.7.LTS\lib\</path>
         <kind>archive</kind>
         <file>rtsv7M4_T_le_v4SPD16_eabi.lib</file>
         <name>pre_init.c.obj</name>
      </input_file>
      <input_file id="fl-d7">
         <path>C:\ti\ccs1260\ccs\tools\compiler\ti-cgt-arm_20.2.7.LTS\lib\</path>
         <kind>archive</kind>
         <file>rtsv7M4_T_le_v4SPD16_eabi.lib</file>
         <name>cpy_tbl.c.obj</name>
      </input_file>
      <input_file id="fl-d8">
         <path>C:\ti\ccs1260\ccs\tools\compiler\ti-cgt-arm_20.2.7.LTS\lib\</path>
         <kind>archive</kind>
         <file>rtsv7M4_T_le_v4SPD16_eabi.lib</file>
         <name>exit.c.obj</name>
      </input_file>
      <input_file id="fl-d9">
         <path>C:\ti\ccs1260\ccs\tools\compiler\ti-cgt-arm_20.2.7.LTS\lib\</path>
         <kind>archive</kind>
         <file>rtsv7M4_T_le_v4SPD16_eabi.lib</file>
         <name>_lock.c.obj</name>
      </input_file>
      <input_file id="fl-da">
         <path>C:\ti\ccs1260\ccs\tools\compiler\ti-cgt-arm_20.2.7.LTS\lib\</path>
         <kind>archive</kind>
         <file>rtsv7M4_T_le_v4SPD16_eabi.lib</file>
         <name>args_main.c.obj</name>
      </input_file>
   </input_file_list>
   <object_component_list>
      <object_component id="oc-12">
         <name>.intvecs</name>
         <load_address>0x0</load_address>
         <run_address>0x0</run_address>
         <size>0x26c</size>
         <input_file_ref idref="fl-c"/>
      </object_component>
      <object_component id="oc-7f">
         <name>.text</name>
         <load_address>0x26c</load_address>
         <run_address>0x26c</run_address>
         <size>0x1d30</size>
         <input_file_ref idref="fl-10"/>
      </object_component>
      <object_component id="oc-156">
         <name>.text</name>
         <load_address>0x1f9c</load_address>
         <run_address>0x1f9c</run_address>
         <size>0xbea</size>
         <input_file_ref idref="fl-a"/>
      </object_component>
      <object_component id="oc-164">
         <name>.text</name>
         <load_address>0x2b88</load_address>
         <run_address>0x2b88</run_address>
         <size>0x820</size>
         <input_file_ref idref="fl-2"/>
      </object_component>
      <object_component id="oc-c2">
         <name>.text</name>
         <load_address>0x33a8</load_address>
         <run_address>0x33a8</run_address>
         <size>0x254</size>
         <input_file_ref idref="fl-7"/>
      </object_component>
      <object_component id="oc-13e">
         <name>.text</name>
         <load_address>0x35fc</load_address>
         <run_address>0x35fc</run_address>
         <size>0x250</size>
         <input_file_ref idref="fl-5"/>
      </object_component>
      <object_component id="oc-de">
         <name>.text</name>
         <load_address>0x384c</load_address>
         <run_address>0x384c</run_address>
         <size>0x1d8</size>
         <input_file_ref idref="fl-3"/>
      </object_component>
      <object_component id="oc-144">
         <name>.text</name>
         <load_address>0x3a24</load_address>
         <run_address>0x3a24</run_address>
         <size>0x1cc</size>
         <input_file_ref idref="fl-4"/>
      </object_component>
      <object_component id="oc-14a">
         <name>.text</name>
         <load_address>0x3bf0</load_address>
         <run_address>0x3bf0</run_address>
         <size>0x1cc</size>
         <input_file_ref idref="fl-b"/>
      </object_component>
      <object_component id="oc-32">
         <name>.text</name>
         <load_address>0x3dbc</load_address>
         <run_address>0x3dbc</run_address>
         <size>0x13c</size>
         <input_file_ref idref="fl-8"/>
      </object_component>
      <object_component id="oc-e4">
         <name>.text</name>
         <load_address>0x3ef8</load_address>
         <run_address>0x3ef8</run_address>
         <size>0x12a</size>
         <input_file_ref idref="fl-6"/>
      </object_component>
      <object_component id="oc-150">
         <name>.text</name>
         <load_address>0x4024</load_address>
         <run_address>0x4024</run_address>
         <size>0x120</size>
         <input_file_ref idref="fl-e"/>
      </object_component>
      <object_component id="oc-2d">
         <name>.text</name>
         <load_address>0x4144</load_address>
         <run_address>0x4144</run_address>
         <size>0xda</size>
         <input_file_ref idref="fl-9"/>
      </object_component>
      <object_component id="oc-46">
         <name>.text</name>
         <load_address>0x421e</load_address>
         <run_address>0x421e</run_address>
         <size>0x9c</size>
         <input_file_ref idref="fl-cb"/>
      </object_component>
      <object_component id="oc-22a">
         <name>.text</name>
         <load_address>0x42bc</load_address>
         <run_address>0x42bc</run_address>
         <size>0x90</size>
         <input_file_ref idref="fl-11"/>
      </object_component>
      <object_component id="oc-b6">
         <name>.text</name>
         <load_address>0x434c</load_address>
         <run_address>0x434c</run_address>
         <size>0x7a</size>
         <input_file_ref idref="fl-cc"/>
      </object_component>
      <object_component id="oc-132">
         <name>.text</name>
         <load_address>0x43c8</load_address>
         <run_address>0x43c8</run_address>
         <size>0x6c</size>
         <input_file_ref idref="fl-f"/>
      </object_component>
      <object_component id="oc-15">
         <name>.text:decompress:lzss:__TI_decompress_lzss</name>
         <load_address>0x4434</load_address>
         <run_address>0x4434</run_address>
         <size>0x68</size>
         <input_file_ref idref="fl-cf"/>
      </object_component>
      <object_component id="oc-138">
         <name>.text</name>
         <load_address>0x449c</load_address>
         <run_address>0x449c</run_address>
         <size>0x58</size>
         <input_file_ref idref="fl-d"/>
      </object_component>
      <object_component id="oc-178">
         <name>.text:__TI_auto_init_nobinit_nopinit:__TI_auto_init_nobinit_nopinit</name>
         <load_address>0x44f4</load_address>
         <run_address>0x44f4</run_address>
         <size>0x44</size>
         <input_file_ref idref="fl-d5"/>
      </object_component>
      <object_component id="oc-64">
         <name>.text:_c_int00_noargs:_c_int00_noargs</name>
         <load_address>0x4538</load_address>
         <run_address>0x4538</run_address>
         <size>0x34</size>
         <input_file_ref idref="fl-d4"/>
      </object_component>
      <object_component id="oc-230">
         <name>.text:strcat</name>
         <load_address>0x456c</load_address>
         <run_address>0x456c</run_address>
         <size>0x1e</size>
         <input_file_ref idref="fl-d0"/>
      </object_component>
      <object_component id="oc-20a">
         <name>.text:strcmp</name>
         <load_address>0x458a</load_address>
         <run_address>0x458a</run_address>
         <size>0x18</size>
         <input_file_ref idref="fl-d1"/>
      </object_component>
      <object_component id="oc-210">
         <name>.text:strcpy</name>
         <load_address>0x45a2</load_address>
         <run_address>0x45a2</run_address>
         <size>0x14</size>
         <input_file_ref idref="fl-d2"/>
      </object_component>
      <object_component id="oc-204">
         <name>.text:strlen</name>
         <load_address>0x45b6</load_address>
         <run_address>0x45b6</run_address>
         <size>0x14</size>
         <input_file_ref idref="fl-d3"/>
      </object_component>
      <object_component id="oc-1b">
         <name>.text:decompress:none:__TI_decompress_none</name>
         <load_address>0x45ca</load_address>
         <run_address>0x45ca</run_address>
         <size>0xe</size>
         <input_file_ref idref="fl-ce"/>
      </object_component>
      <object_component id="oc-58">
         <name>.text:decompress:ZI:__TI_zero_init</name>
         <load_address>0x45d8</load_address>
         <run_address>0x45d8</run_address>
         <size>0xc</size>
         <input_file_ref idref="fl-cd"/>
      </object_component>
      <object_component id="oc-27">
         <name>.text</name>
         <load_address>0x45e4</load_address>
         <run_address>0x45e4</run_address>
         <size>0xc</size>
         <input_file_ref idref="fl-c"/>
      </object_component>
      <object_component id="oc-bc">
         <name>.text:_system_pre_init</name>
         <load_address>0x45f0</load_address>
         <run_address>0x45f0</run_address>
         <size>0x4</size>
         <input_file_ref idref="fl-d6"/>
      </object_component>
      <object_component id="oc-16c">
         <name>.text:abort:abort</name>
         <load_address>0x45f4</load_address>
         <run_address>0x45f4</run_address>
         <size>0x4</size>
         <input_file_ref idref="fl-d8"/>
      </object_component>
      <object_component id="oc-236">
         <name>.const:$P$T0$1</name>
         <load_address>0x45f8</load_address>
         <run_address>0x45f8</run_address>
         <size>0xf</size>
         <input_file_ref idref="fl-2"/>
      </object_component>
      <object_component id="oc-239">
         <name>.const:$P$T1$2</name>
         <load_address>0x4607</load_address>
         <run_address>0x4607</run_address>
         <size>0xf</size>
         <input_file_ref idref="fl-2"/>
      </object_component>
      <object_component id="oc-23c">
         <name>.const:$P$T2$3</name>
         <load_address>0x4616</load_address>
         <run_address>0x4616</run_address>
         <size>0xf</size>
         <input_file_ref idref="fl-2"/>
      </object_component>
      <object_component id="oc-219">
         <name>.const:$P$T0$1</name>
         <load_address>0x4625</load_address>
         <run_address>0x4625</run_address>
         <size>0xc</size>
         <input_file_ref idref="fl-4"/>
      </object_component>
      <object_component id="oc-7c">
         <name>.const</name>
         <load_address>0x4634</load_address>
         <run_address>0x4634</run_address>
         <size>0x4</size>
         <input_file_ref idref="fl-8"/>
      </object_component>
      <object_component id="oc-f6">
         <name>.const</name>
         <load_address>0x4638</load_address>
         <run_address>0x4638</run_address>
         <size>0x4</size>
         <input_file_ref idref="fl-10"/>
      </object_component>
      <object_component id="oc-300">
         <name>.cinit..data.load</name>
         <load_address>0x4640</load_address>
         <run_address>0x4640</run_address>
         <size>0x12</size>
      </object_component>
      <object_component id="oc-2fe">
         <name>__TI_handler_table</name>
         <load_address>0x4654</load_address>
         <run_address>0x4654</run_address>
         <size>0xc</size>
      </object_component>
      <object_component id="oc-301">
         <name>.cinit..bss.load</name>
         <load_address>0x4660</load_address>
         <run_address>0x4660</run_address>
         <size>0x8</size>
      </object_component>
      <object_component id="oc-2ff">
         <name>__TI_cinit_table</name>
         <load_address>0x4668</load_address>
         <run_address>0x4668</run_address>
         <size>0x10</size>
      </object_component>
      <object_component id="oc-240">
         <name>.data</name>
         <load_address>0x20001f00</load_address>
         <run_address>0x20001f00</run_address>
         <size>0x1</size>
         <input_file_ref idref="fl-2"/>
      </object_component>
      <object_component id="oc-1c5">
         <name>.data</name>
         <load_address>0x20001ef4</load_address>
         <run_address>0x20001ef4</run_address>
         <size>0x8</size>
         <input_file_ref idref="fl-3"/>
      </object_component>
      <object_component id="oc-86">
         <name>.data</name>
         <load_address>0x20001efc</load_address>
         <run_address>0x20001efc</run_address>
         <size>0x4</size>
         <input_file_ref idref="fl-8"/>
      </object_component>
      <object_component id="oc-79">
         <name>.data</name>
         <load_address>0x20001ec0</load_address>
         <run_address>0x20001ec0</run_address>
         <size>0x34</size>
         <input_file_ref idref="fl-10"/>
      </object_component>
      <object_component id="oc-28c">
         <name>.data</name>
         <load_address>0x20001f01</load_address>
         <run_address>0x20001f01</run_address>
         <size>0x1</size>
         <input_file_ref idref="fl-11"/>
      </object_component>
      <object_component id="oc-1ce">
         <name>.bss:ucHeap</name>
         <uninitialized>true</uninitialized>
         <run_address>0x20000000</run_address>
         <size>0x1b58</size>
         <input_file_ref idref="fl-3"/>
      </object_component>
      <object_component id="oc-1c8">
         <name>.bss:xStart</name>
         <uninitialized>true</uninitialized>
         <run_address>0x20001c94</run_address>
         <size>0x8</size>
         <input_file_ref idref="fl-3"/>
      </object_component>
      <object_component id="oc-1cb">
         <name>.bss:xEnd</name>
         <uninitialized>true</uninitialized>
         <run_address>0x20001c8c</run_address>
         <size>0x8</size>
         <input_file_ref idref="fl-3"/>
      </object_component>
      <object_component id="oc-ea">
         <name>.bss:pxReadyTasksLists</name>
         <uninitialized>true</uninitialized>
         <run_address>0x20001b58</run_address>
         <size>0xc8</size>
         <input_file_ref idref="fl-10"/>
      </object_component>
      <object_component id="oc-fc">
         <name>.bss:xDelayedTaskList1</name>
         <uninitialized>true</uninitialized>
         <run_address>0x20001c20</run_address>
         <size>0x14</size>
         <input_file_ref idref="fl-10"/>
      </object_component>
      <object_component id="oc-ff">
         <name>.bss:xDelayedTaskList2</name>
         <uninitialized>true</uninitialized>
         <run_address>0x20001c34</run_address>
         <size>0x14</size>
         <input_file_ref idref="fl-10"/>
      </object_component>
      <object_component id="oc-f9">
         <name>.bss</name>
         <uninitialized>true</uninitialized>
         <run_address>0x20001c84</run_address>
         <size>0x8</size>
         <input_file_ref idref="fl-10"/>
      </object_component>
      <object_component id="oc-f3">
         <name>.bss:xPendingReadyList</name>
         <uninitialized>true</uninitialized>
         <run_address>0x20001c48</run_address>
         <size>0x14</size>
         <input_file_ref idref="fl-10"/>
      </object_component>
      <object_component id="oc-ed">
         <name>.bss:xTasksWaitingTermination</name>
         <uninitialized>true</uninitialized>
         <run_address>0x20001c70</run_address>
         <size>0x14</size>
         <input_file_ref idref="fl-10"/>
      </object_component>
      <object_component id="oc-f0">
         <name>.bss:xSuspendedTaskList</name>
         <uninitialized>true</uninitialized>
         <run_address>0x20001c5c</run_address>
         <size>0x14</size>
         <input_file_ref idref="fl-10"/>
      </object_component>
      <object_component id="oc-23f">
         <name>.common:current_state</name>
         <uninitialized>true</uninitialized>
         <run_address>0x20001cb8</run_address>
         <size>0x1</size>
      </object_component>
      <object_component id="oc-162">
         <name>.common:xSW1_Queue</name>
         <uninitialized>true</uninitialized>
         <run_address>0x20001cb0</run_address>
         <size>0x4</size>
      </object_component>
      <object_component id="oc-163">
         <name>.common:xSW2_Queue</name>
         <uninitialized>true</uninitialized>
         <run_address>0x20001cb4</run_address>
         <size>0x4</size>
      </object_component>
      <object_component id="oc-15c">
         <name>.common:xEnc_rotary_Queue</name>
         <uninitialized>true</uninitialized>
         <run_address>0x20001ca4</run_address>
         <size>0x4</size>
      </object_component>
      <object_component id="oc-15f">
         <name>.common:xEnc_Button_Queue</name>
         <uninitialized>true</uninitialized>
         <run_address>0x20001ca0</run_address>
         <size>0x4</size>
      </object_component>
      <object_component id="oc-160">
         <name>.common:xKeypad_Queue</name>
         <uninitialized>true</uninitialized>
         <run_address>0x20001ca8</run_address>
         <size>0x4</size>
      </object_component>
      <object_component id="oc-161">
         <name>.common:xLCD_Queue</name>
         <uninitialized>true</uninitialized>
         <run_address>0x20001cac</run_address>
         <size>0x4</size>
      </object_component>
      <object_component id="oc-16a">
         <name>.common:result</name>
         <uninitialized>true</uninitialized>
         <run_address>0x20001c9c</run_address>
         <size>0x4</size>
      </object_component>
      <object_component id="oc-24">
         <name>.stack</name>
         <uninitialized>true</uninitialized>
         <run_address>0x20001cc0</run_address>
         <size>0x4</size>
         <input_file_ref idref="fl-d4"/>
      </object_component>
      <object_component id="oc-303">
         <name>.stack</name>
         <uninitialized>true</uninitialized>
         <run_address>0x20001cc0</run_address>
         <size>0x0</size>
      </object_component>
      <object_component id="oc-11b">
         <name>.debug_info</name>
         <load_address>0x0</load_address>
         <run_address>0x0</run_address>
         <size>0x6ea</size>
         <input_file_ref idref="fl-2"/>
      </object_component>
      <object_component id="oc-237">
         <name>.debug_info</name>
         <load_address>0x6ea</load_address>
         <run_address>0x6ea</run_address>
         <size>0xcf</size>
         <input_file_ref idref="fl-2"/>
      </object_component>
      <object_component id="oc-23a">
         <name>.debug_info</name>
         <load_address>0x7b9</load_address>
         <run_address>0x7b9</run_address>
         <size>0xcf</size>
         <input_file_ref idref="fl-2"/>
      </object_component>
      <object_component id="oc-23d">
         <name>.debug_info</name>
         <load_address>0x888</load_address>
         <run_address>0x888</run_address>
         <size>0xcf</size>
         <input_file_ref idref="fl-2"/>
      </object_component>
      <object_component id="oc-165">
         <name>.debug_info</name>
         <load_address>0x957</load_address>
         <run_address>0x957</run_address>
         <size>0xd36</size>
         <input_file_ref idref="fl-2"/>
      </object_component>
      <object_component id="oc-10c">
         <name>.debug_info</name>
         <load_address>0x168d</load_address>
         <run_address>0x168d</run_address>
         <size>0x315</size>
         <input_file_ref idref="fl-2"/>
      </object_component>
      <object_component id="oc-1e8">
         <name>.debug_info</name>
         <load_address>0x19a2</load_address>
         <run_address>0x19a2</run_address>
         <size>0xa4</size>
         <input_file_ref idref="fl-2"/>
      </object_component>
      <object_component id="oc-97">
         <name>.debug_info</name>
         <load_address>0x1a46</load_address>
         <run_address>0x1a46</run_address>
         <size>0x26b</size>
         <input_file_ref idref="fl-2"/>
      </object_component>
      <object_component id="oc-1f7">
         <name>.debug_info</name>
         <load_address>0x1cb1</load_address>
         <run_address>0x1cb1</run_address>
         <size>0x3e3</size>
         <input_file_ref idref="fl-2"/>
      </object_component>
      <object_component id="oc-1ed">
         <name>.debug_info</name>
         <load_address>0x2094</load_address>
         <run_address>0x2094</run_address>
         <size>0x4f</size>
         <input_file_ref idref="fl-2"/>
      </object_component>
      <object_component id="oc-41">
         <name>.debug_info</name>
         <load_address>0x20e3</load_address>
         <run_address>0x20e3</run_address>
         <size>0x84</size>
         <input_file_ref idref="fl-2"/>
      </object_component>
      <object_component id="oc-8b">
         <name>.debug_info</name>
         <load_address>0x2167</load_address>
         <run_address>0x2167</run_address>
         <size>0x2c</size>
         <input_file_ref idref="fl-2"/>
      </object_component>
      <object_component id="oc-1fc">
         <name>.debug_info</name>
         <load_address>0x2193</load_address>
         <run_address>0x2193</run_address>
         <size>0xae</size>
         <input_file_ref idref="fl-2"/>
      </object_component>
      <object_component id="oc-11d">
         <name>.debug_info</name>
         <load_address>0x2241</load_address>
         <run_address>0x2241</run_address>
         <size>0x2a4</size>
         <input_file_ref idref="fl-2"/>
      </object_component>
      <object_component id="oc-9c">
         <name>.debug_info</name>
         <load_address>0x24e5</load_address>
         <run_address>0x24e5</run_address>
         <size>0xbb</size>
         <input_file_ref idref="fl-2"/>
      </object_component>
      <object_component id="oc-90">
         <name>.debug_info</name>
         <load_address>0x25a0</load_address>
         <run_address>0x25a0</run_address>
         <size>0x53</size>
         <input_file_ref idref="fl-2"/>
      </object_component>
      <object_component id="oc-1f2">
         <name>.debug_info</name>
         <load_address>0x25f3</load_address>
         <run_address>0x25f3</run_address>
         <size>0xcc</size>
         <input_file_ref idref="fl-2"/>
      </object_component>
      <object_component id="oc-1b6">
         <name>.debug_info</name>
         <load_address>0x26bf</load_address>
         <run_address>0x26bf</run_address>
         <size>0x35</size>
         <input_file_ref idref="fl-2"/>
      </object_component>
      <object_component id="oc-111">
         <name>.debug_info</name>
         <load_address>0x26f4</load_address>
         <run_address>0x26f4</run_address>
         <size>0x14c</size>
         <input_file_ref idref="fl-2"/>
      </object_component>
      <object_component id="oc-1d2">
         <name>.debug_info</name>
         <load_address>0x2840</load_address>
         <run_address>0x2840</run_address>
         <size>0x42e</size>
         <input_file_ref idref="fl-3"/>
      </object_component>
      <object_component id="oc-1cf">
         <name>.debug_info</name>
         <load_address>0x2c6e</load_address>
         <run_address>0x2c6e</run_address>
         <size>0xf2</size>
         <input_file_ref idref="fl-3"/>
      </object_component>
      <object_component id="oc-1c9">
         <name>.debug_info</name>
         <load_address>0x2d60</load_address>
         <run_address>0x2d60</run_address>
         <size>0xf2</size>
         <input_file_ref idref="fl-3"/>
      </object_component>
      <object_component id="oc-1cc">
         <name>.debug_info</name>
         <load_address>0x2e52</load_address>
         <run_address>0x2e52</run_address>
         <size>0xee</size>
         <input_file_ref idref="fl-3"/>
      </object_component>
      <object_component id="oc-1c6">
         <name>.debug_info</name>
         <load_address>0x2f40</load_address>
         <run_address>0x2f40</run_address>
         <size>0x10c</size>
         <input_file_ref idref="fl-3"/>
      </object_component>
      <object_component id="oc-df">
         <name>.debug_info</name>
         <load_address>0x304c</load_address>
         <run_address>0x304c</run_address>
         <size>0x72f</size>
         <input_file_ref idref="fl-3"/>
      </object_component>
      <object_component id="oc-1b1">
         <name>.debug_info</name>
         <load_address>0x377b</load_address>
         <run_address>0x377b</run_address>
         <size>0x110</size>
         <input_file_ref idref="fl-3"/>
      </object_component>
      <object_component id="oc-1c0">
         <name>.debug_info</name>
         <load_address>0x388b</load_address>
         <run_address>0x388b</run_address>
         <size>0x3e3</size>
         <input_file_ref idref="fl-3"/>
      </object_component>
      <object_component id="oc-266">
         <name>.debug_info</name>
         <load_address>0x3c6e</load_address>
         <run_address>0x3c6e</run_address>
         <size>0x62</size>
         <input_file_ref idref="fl-3"/>
      </object_component>
      <object_component id="oc-1e5">
         <name>.debug_info</name>
         <load_address>0x3cd0</load_address>
         <run_address>0x3cd0</run_address>
         <size>0x446</size>
         <input_file_ref idref="fl-4"/>
      </object_component>
      <object_component id="oc-21a">
         <name>.debug_info</name>
         <load_address>0x4116</load_address>
         <run_address>0x4116</run_address>
         <size>0xce</size>
         <input_file_ref idref="fl-4"/>
      </object_component>
      <object_component id="oc-147">
         <name>.debug_info</name>
         <load_address>0x41e4</load_address>
         <run_address>0x41e4</run_address>
         <size>0x405</size>
         <input_file_ref idref="fl-4"/>
      </object_component>
      <object_component id="oc-116">
         <name>.debug_info</name>
         <load_address>0x45e9</load_address>
         <run_address>0x45e9</run_address>
         <size>0x3e3</size>
         <input_file_ref idref="fl-4"/>
      </object_component>
      <object_component id="oc-107">
         <name>.debug_info</name>
         <load_address>0x49cc</load_address>
         <run_address>0x49cc</run_address>
         <size>0x53</size>
         <input_file_ref idref="fl-4"/>
      </object_component>
      <object_component id="oc-217">
         <name>.debug_info</name>
         <load_address>0x4a1f</load_address>
         <run_address>0x4a1f</run_address>
         <size>0x4db</size>
         <input_file_ref idref="fl-5"/>
      </object_component>
      <object_component id="oc-140">
         <name>.debug_info</name>
         <load_address>0x4efa</load_address>
         <run_address>0x4efa</run_address>
         <size>0x6e0</size>
         <input_file_ref idref="fl-5"/>
      </object_component>
      <object_component id="oc-1d4">
         <name>.debug_info</name>
         <load_address>0x55da</load_address>
         <run_address>0x55da</run_address>
         <size>0x391</size>
         <input_file_ref idref="fl-6"/>
      </object_component>
      <object_component id="oc-e5">
         <name>.debug_info</name>
         <load_address>0x596b</load_address>
         <run_address>0x596b</run_address>
         <size>0x5c9</size>
         <input_file_ref idref="fl-6"/>
      </object_component>
      <object_component id="oc-15d">
         <name>.debug_info</name>
         <load_address>0x5f34</load_address>
         <run_address>0x5f34</run_address>
         <size>0x7ce</size>
         <input_file_ref idref="fl-7"/>
      </object_component>
      <object_component id="oc-c3">
         <name>.debug_info</name>
         <load_address>0x6702</load_address>
         <run_address>0x6702</run_address>
         <size>0x444</size>
         <input_file_ref idref="fl-7"/>
      </object_component>
      <object_component id="oc-8a">
         <name>.debug_info</name>
         <load_address>0x6b46</load_address>
         <run_address>0x6b46</run_address>
         <size>0x419</size>
         <input_file_ref idref="fl-8"/>
      </object_component>
      <object_component id="oc-7d">
         <name>.debug_info</name>
         <load_address>0x6f5f</load_address>
         <run_address>0x6f5f</run_address>
         <size>0x11e</size>
         <input_file_ref idref="fl-8"/>
      </object_component>
      <object_component id="oc-87">
         <name>.debug_info</name>
         <load_address>0x707d</load_address>
         <run_address>0x707d</run_address>
         <size>0x105</size>
         <input_file_ref idref="fl-8"/>
      </object_component>
      <object_component id="oc-33">
         <name>.debug_info</name>
         <load_address>0x7182</load_address>
         <run_address>0x7182</run_address>
         <size>0x785</size>
         <input_file_ref idref="fl-8"/>
      </object_component>
      <object_component id="oc-2e">
         <name>.debug_info</name>
         <load_address>0x7907</load_address>
         <run_address>0x7907</run_address>
         <size>0x253</size>
         <input_file_ref idref="fl-9"/>
      </object_component>
      <object_component id="oc-227">
         <name>.debug_info</name>
         <load_address>0x7b5a</load_address>
         <run_address>0x7b5a</run_address>
         <size>0x825</size>
         <input_file_ref idref="fl-a"/>
      </object_component>
      <object_component id="oc-157">
         <name>.debug_info</name>
         <load_address>0x837f</load_address>
         <run_address>0x837f</run_address>
         <size>0x34b0</size>
         <input_file_ref idref="fl-a"/>
      </object_component>
      <object_component id="oc-287">
         <name>.debug_info</name>
         <load_address>0xb82f</load_address>
         <run_address>0xb82f</run_address>
         <size>0x1c7</size>
         <input_file_ref idref="fl-a"/>
      </object_component>
      <object_component id="oc-222">
         <name>.debug_info</name>
         <load_address>0xb9f6</load_address>
         <run_address>0xb9f6</run_address>
         <size>0x46</size>
         <input_file_ref idref="fl-a"/>
      </object_component>
      <object_component id="oc-21e">
         <name>.debug_info</name>
         <load_address>0xba3c</load_address>
         <run_address>0xba3c</run_address>
         <size>0x45a</size>
         <input_file_ref idref="fl-b"/>
      </object_component>
      <object_component id="oc-14b">
         <name>.debug_info</name>
         <load_address>0xbe96</load_address>
         <run_address>0xbe96</run_address>
         <size>0x3c9</size>
         <input_file_ref idref="fl-b"/>
      </object_component>
      <object_component id="oc-3a">
         <name>.debug_info</name>
         <load_address>0xc25f</load_address>
         <run_address>0xc25f</run_address>
         <size>0x344</size>
         <input_file_ref idref="fl-c"/>
      </object_component>
      <object_component id="oc-13">
         <name>.debug_info</name>
         <load_address>0xc5a3</load_address>
         <run_address>0xc5a3</run_address>
         <size>0x103</size>
         <input_file_ref idref="fl-c"/>
      </object_component>
      <object_component id="oc-28">
         <name>.debug_info</name>
         <load_address>0xc6a6</load_address>
         <run_address>0xc6a6</run_address>
         <size>0x377</size>
         <input_file_ref idref="fl-c"/>
      </object_component>
      <object_component id="oc-203">
         <name>.debug_info</name>
         <load_address>0xca1d</load_address>
         <run_address>0xca1d</run_address>
         <size>0x39d</size>
         <input_file_ref idref="fl-d"/>
      </object_component>
      <object_component id="oc-13c">
         <name>.debug_info</name>
         <load_address>0xcdba</load_address>
         <run_address>0xcdba</run_address>
         <size>0x1e7</size>
         <input_file_ref idref="fl-d"/>
      </object_component>
      <object_component id="oc-220">
         <name>.debug_info</name>
         <load_address>0xcfa1</load_address>
         <run_address>0xcfa1</run_address>
         <size>0x43b</size>
         <input_file_ref idref="fl-e"/>
      </object_component>
      <object_component id="oc-152">
         <name>.debug_info</name>
         <load_address>0xd3dc</load_address>
         <run_address>0xd3dc</run_address>
         <size>0x312</size>
         <input_file_ref idref="fl-e"/>
      </object_component>
      <object_component id="oc-134">
         <name>.debug_info</name>
         <load_address>0xd6ee</load_address>
         <run_address>0xd6ee</run_address>
         <size>0x193</size>
         <input_file_ref idref="fl-f"/>
      </object_component>
      <object_component id="oc-d6">
         <name>.debug_info</name>
         <load_address>0xd881</load_address>
         <run_address>0xd881</run_address>
         <size>0x773</size>
         <input_file_ref idref="fl-10"/>
      </object_component>
      <object_component id="oc-7a">
         <name>.debug_info</name>
         <load_address>0xdff4</load_address>
         <run_address>0xdff4</run_address>
         <size>0x356</size>
         <input_file_ref idref="fl-10"/>
      </object_component>
      <object_component id="oc-eb">
         <name>.debug_info</name>
         <load_address>0xe34a</load_address>
         <run_address>0xe34a</run_address>
         <size>0xff</size>
         <input_file_ref idref="fl-10"/>
      </object_component>
      <object_component id="oc-fd">
         <name>.debug_info</name>
         <load_address>0xe449</load_address>
         <run_address>0xe449</run_address>
         <size>0xff</size>
         <input_file_ref idref="fl-10"/>
      </object_component>
      <object_component id="oc-100">
         <name>.debug_info</name>
         <load_address>0xe548</load_address>
         <run_address>0xe548</run_address>
         <size>0xff</size>
         <input_file_ref idref="fl-10"/>
      </object_component>
      <object_component id="oc-fa">
         <name>.debug_info</name>
         <load_address>0xe647</load_address>
         <run_address>0xe647</run_address>
         <size>0x142</size>
         <input_file_ref idref="fl-10"/>
      </object_component>
      <object_component id="oc-f4">
         <name>.debug_info</name>
         <load_address>0xe789</load_address>
         <run_address>0xe789</run_address>
         <size>0xff</size>
         <input_file_ref idref="fl-10"/>
      </object_component>
      <object_component id="oc-ee">
         <name>.debug_info</name>
         <load_address>0xe888</load_address>
         <run_address>0xe888</run_address>
         <size>0x10d</size>
         <input_file_ref idref="fl-10"/>
      </object_component>
      <object_component id="oc-f1">
         <name>.debug_info</name>
         <load_address>0xe995</load_address>
         <run_address>0xe995</run_address>
         <size>0x101</size>
         <input_file_ref idref="fl-10"/>
      </object_component>
      <object_component id="oc-f7">
         <name>.debug_info</name>
         <load_address>0xea96</load_address>
         <run_address>0xea96</run_address>
         <size>0x100</size>
         <input_file_ref idref="fl-10"/>
      </object_component>
      <object_component id="oc-80">
         <name>.debug_info</name>
         <load_address>0xeb96</load_address>
         <run_address>0xeb96</run_address>
         <size>0x506f</size>
         <input_file_ref idref="fl-10"/>
      </object_component>
      <object_component id="oc-d7">
         <name>.debug_info</name>
         <load_address>0x13c05</load_address>
         <run_address>0x13c05</run_address>
         <size>0x30c</size>
         <input_file_ref idref="fl-10"/>
      </object_component>
      <object_component id="oc-1ac">
         <name>.debug_info</name>
         <load_address>0x13f11</load_address>
         <run_address>0x13f11</run_address>
         <size>0x4f</size>
         <input_file_ref idref="fl-10"/>
      </object_component>
      <object_component id="oc-1bb">
         <name>.debug_info</name>
         <load_address>0x13f60</load_address>
         <run_address>0x13f60</run_address>
         <size>0x11b</size>
         <input_file_ref idref="fl-10"/>
      </object_component>
      <object_component id="oc-290">
         <name>.debug_info</name>
         <load_address>0x1407b</load_address>
         <run_address>0x1407b</run_address>
         <size>0x372</size>
         <input_file_ref idref="fl-11"/>
      </object_component>
      <object_component id="oc-28d">
         <name>.debug_info</name>
         <load_address>0x143ed</load_address>
         <run_address>0x143ed</run_address>
         <size>0xce</size>
         <input_file_ref idref="fl-11"/>
      </object_component>
      <object_component id="oc-22e">
         <name>.debug_info</name>
         <load_address>0x144bb</load_address>
         <run_address>0x144bb</run_address>
         <size>0x239</size>
         <input_file_ref idref="fl-11"/>
      </object_component>
      <object_component id="oc-47">
         <name>.debug_info</name>
         <load_address>0x146f4</load_address>
         <run_address>0x146f4</run_address>
         <size>0x119</size>
         <input_file_ref idref="fl-cb"/>
      </object_component>
      <object_component id="oc-b7">
         <name>.debug_info</name>
         <load_address>0x1480d</load_address>
         <run_address>0x1480d</run_address>
         <size>0x147</size>
         <input_file_ref idref="fl-cc"/>
      </object_component>
      <object_component id="oc-b5">
         <name>.debug_info</name>
         <load_address>0x14954</load_address>
         <run_address>0x14954</run_address>
         <size>0x2d4</size>
         <input_file_ref idref="fl-cd"/>
      </object_component>
      <object_component id="oc-59">
         <name>.debug_info</name>
         <load_address>0x14c28</load_address>
         <run_address>0x14c28</run_address>
         <size>0x1b5</size>
         <input_file_ref idref="fl-cd"/>
      </object_component>
      <object_component id="oc-b0">
         <name>.debug_info</name>
         <load_address>0x14ddd</load_address>
         <run_address>0x14ddd</run_address>
         <size>0x46</size>
         <input_file_ref idref="fl-cd"/>
      </object_component>
      <object_component id="oc-129">
         <name>.debug_info</name>
         <load_address>0x14e23</load_address>
         <run_address>0x14e23</run_address>
         <size>0x2c</size>
         <input_file_ref idref="fl-cd"/>
      </object_component>
      <object_component id="oc-51">
         <name>.debug_info</name>
         <load_address>0x14e4f</load_address>
         <run_address>0x14e4f</run_address>
         <size>0x2a8</size>
         <input_file_ref idref="fl-ce"/>
      </object_component>
      <object_component id="oc-1c">
         <name>.debug_info</name>
         <load_address>0x150f7</load_address>
         <run_address>0x150f7</run_address>
         <size>0x1ea</size>
         <input_file_ref idref="fl-ce"/>
      </object_component>
      <object_component id="oc-4c">
         <name>.debug_info</name>
         <load_address>0x152e1</load_address>
         <run_address>0x152e1</run_address>
         <size>0x46</size>
         <input_file_ref idref="fl-ce"/>
      </object_component>
      <object_component id="oc-a8">
         <name>.debug_info</name>
         <load_address>0x15327</load_address>
         <run_address>0x15327</run_address>
         <size>0x2c</size>
         <input_file_ref idref="fl-ce"/>
      </object_component>
      <object_component id="oc-a6">
         <name>.debug_info</name>
         <load_address>0x15353</load_address>
         <run_address>0x15353</run_address>
         <size>0x29e</size>
         <input_file_ref idref="fl-cf"/>
      </object_component>
      <object_component id="oc-17">
         <name>.debug_info</name>
         <load_address>0x155f1</load_address>
         <run_address>0x155f1</run_address>
         <size>0x250</size>
         <input_file_ref idref="fl-cf"/>
      </object_component>
      <object_component id="oc-3c">
         <name>.debug_info</name>
         <load_address>0x15841</load_address>
         <run_address>0x15841</run_address>
         <size>0x60</size>
         <input_file_ref idref="fl-cf"/>
      </object_component>
      <object_component id="oc-122">
         <name>.debug_info</name>
         <load_address>0x158a1</load_address>
         <run_address>0x158a1</run_address>
         <size>0x46</size>
         <input_file_ref idref="fl-cf"/>
      </object_component>
      <object_component id="oc-a1">
         <name>.debug_info</name>
         <load_address>0x158e7</load_address>
         <run_address>0x158e7</run_address>
         <size>0x39</size>
         <input_file_ref idref="fl-cf"/>
      </object_component>
      <object_component id="oc-292">
         <name>.debug_info</name>
         <load_address>0x15920</load_address>
         <run_address>0x15920</run_address>
         <size>0x2a4</size>
         <input_file_ref idref="fl-d0"/>
      </object_component>
      <object_component id="oc-234">
         <name>.debug_info</name>
         <load_address>0x15bc4</load_address>
         <run_address>0x15bc4</run_address>
         <size>0x267</size>
         <input_file_ref idref="fl-d0"/>
      </object_component>
      <object_component id="oc-27a">
         <name>.debug_info</name>
         <load_address>0x15e2b</load_address>
         <run_address>0x15e2b</run_address>
         <size>0x28a</size>
         <input_file_ref idref="fl-d1"/>
      </object_component>
      <object_component id="oc-20b">
         <name>.debug_info</name>
         <load_address>0x160b5</load_address>
         <run_address>0x160b5</run_address>
         <size>0x273</size>
         <input_file_ref idref="fl-d1"/>
      </object_component>
      <object_component id="oc-27c">
         <name>.debug_info</name>
         <load_address>0x16328</load_address>
         <run_address>0x16328</run_address>
         <size>0x2a4</size>
         <input_file_ref idref="fl-d2"/>
      </object_component>
      <object_component id="oc-214">
         <name>.debug_info</name>
         <load_address>0x165cc</load_address>
         <run_address>0x165cc</run_address>
         <size>0x24d</size>
         <input_file_ref idref="fl-d2"/>
      </object_component>
      <object_component id="oc-278">
         <name>.debug_info</name>
         <load_address>0x16819</load_address>
         <run_address>0x16819</run_address>
         <size>0x28f</size>
         <input_file_ref idref="fl-d3"/>
      </object_component>
      <object_component id="oc-208">
         <name>.debug_info</name>
         <load_address>0x16aa8</load_address>
         <run_address>0x16aa8</run_address>
         <size>0x245</size>
         <input_file_ref idref="fl-d3"/>
      </object_component>
      <object_component id="oc-25">
         <name>.debug_info</name>
         <load_address>0x16ced</load_address>
         <run_address>0x16ced</run_address>
         <size>0x10b</size>
         <input_file_ref idref="fl-d4"/>
      </object_component>
      <object_component id="oc-65">
         <name>.debug_info</name>
         <load_address>0x16df8</load_address>
         <run_address>0x16df8</run_address>
         <size>0x1a9</size>
         <input_file_ref idref="fl-d4"/>
      </object_component>
      <object_component id="oc-24d">
         <name>.debug_info</name>
         <load_address>0x16fa1</load_address>
         <run_address>0x16fa1</run_address>
         <size>0x4b3</size>
         <input_file_ref idref="fl-d5"/>
      </object_component>
      <object_component id="oc-17c">
         <name>.debug_info</name>
         <load_address>0x17454</load_address>
         <run_address>0x17454</run_address>
         <size>0x1a6</size>
         <input_file_ref idref="fl-d5"/>
      </object_component>
      <object_component id="oc-2a9">
         <name>.debug_info</name>
         <load_address>0x175fa</load_address>
         <run_address>0x175fa</run_address>
         <size>0x39</size>
         <input_file_ref idref="fl-d5"/>
      </object_component>
      <object_component id="oc-2c9">
         <name>.debug_info</name>
         <load_address>0x17633</load_address>
         <run_address>0x17633</run_address>
         <size>0x39</size>
         <input_file_ref idref="fl-d5"/>
      </object_component>
      <object_component id="oc-2ae">
         <name>.debug_info</name>
         <load_address>0x1766c</load_address>
         <run_address>0x1766c</run_address>
         <size>0x39</size>
         <input_file_ref idref="fl-d5"/>
      </object_component>
      <object_component id="oc-2b3">
         <name>.debug_info</name>
         <load_address>0x176a5</load_address>
         <run_address>0x176a5</run_address>
         <size>0xcd</size>
         <input_file_ref idref="fl-d5"/>
      </object_component>
      <object_component id="oc-bf">
         <name>.debug_info</name>
         <load_address>0x17772</load_address>
         <run_address>0x17772</run_address>
         <size>0x153</size>
         <input_file_ref idref="fl-d6"/>
      </object_component>
      <object_component id="oc-16d">
         <name>.debug_info</name>
         <load_address>0x178c5</load_address>
         <run_address>0x178c5</run_address>
         <size>0x122</size>
         <input_file_ref idref="fl-d8"/>
      </object_component>
      <object_component id="oc-304">
         <name>.debug_info</name>
         <load_address>0x179e7</load_address>
         <run_address>0x179e7</run_address>
         <size>0x97</size>
      </object_component>
      <object_component id="oc-1e7">
         <name>.debug_line</name>
         <load_address>0x0</load_address>
         <run_address>0x0</run_address>
         <size>0xf3</size>
         <input_file_ref idref="fl-2"/>
      </object_component>
      <object_component id="oc-294">
         <name>.debug_line</name>
         <load_address>0xf3</load_address>
         <run_address>0xf3</run_address>
         <size>0x37</size>
         <input_file_ref idref="fl-2"/>
      </object_component>
      <object_component id="oc-296">
         <name>.debug_line</name>
         <load_address>0x12a</load_address>
         <run_address>0x12a</run_address>
         <size>0x37</size>
         <input_file_ref idref="fl-2"/>
      </object_component>
      <object_component id="oc-298">
         <name>.debug_line</name>
         <load_address>0x161</load_address>
         <run_address>0x161</run_address>
         <size>0x37</size>
         <input_file_ref idref="fl-2"/>
      </object_component>
      <object_component id="oc-168">
         <name>.debug_line</name>
         <load_address>0x198</load_address>
         <run_address>0x198</run_address>
         <size>0x312</size>
         <input_file_ref idref="fl-2"/>
      </object_component>
      <object_component id="oc-10f">
         <name>.debug_line</name>
         <load_address>0x4aa</load_address>
         <run_address>0x4aa</run_address>
         <size>0x51</size>
         <input_file_ref idref="fl-2"/>
      </object_component>
      <object_component id="oc-1eb">
         <name>.debug_line</name>
         <load_address>0x4fb</load_address>
         <run_address>0x4fb</run_address>
         <size>0x37</size>
         <input_file_ref idref="fl-2"/>
      </object_component>
      <object_component id="oc-9a">
         <name>.debug_line</name>
         <load_address>0x532</load_address>
         <run_address>0x532</run_address>
         <size>0x6f</size>
         <input_file_ref idref="fl-2"/>
      </object_component>
      <object_component id="oc-1fa">
         <name>.debug_line</name>
         <load_address>0x5a1</load_address>
         <run_address>0x5a1</run_address>
         <size>0x55</size>
         <input_file_ref idref="fl-2"/>
      </object_component>
      <object_component id="oc-1f0">
         <name>.debug_line</name>
         <load_address>0x5f6</load_address>
         <run_address>0x5f6</run_address>
         <size>0x52</size>
         <input_file_ref idref="fl-2"/>
      </object_component>
      <object_component id="oc-44">
         <name>.debug_line</name>
         <load_address>0x648</load_address>
         <run_address>0x648</run_address>
         <size>0x20</size>
         <input_file_ref idref="fl-2"/>
      </object_component>
      <object_component id="oc-8e">
         <name>.debug_line</name>
         <load_address>0x668</load_address>
         <run_address>0x668</run_address>
         <size>0x55</size>
         <input_file_ref idref="fl-2"/>
      </object_component>
      <object_component id="oc-1ff">
         <name>.debug_line</name>
         <load_address>0x6bd</load_address>
         <run_address>0x6bd</run_address>
         <size>0x31</size>
         <input_file_ref idref="fl-2"/>
      </object_component>
      <object_component id="oc-120">
         <name>.debug_line</name>
         <load_address>0x6ee</load_address>
         <run_address>0x6ee</run_address>
         <size>0x73</size>
         <input_file_ref idref="fl-2"/>
      </object_component>
      <object_component id="oc-9f">
         <name>.debug_line</name>
         <load_address>0x761</load_address>
         <run_address>0x761</run_address>
         <size>0x70</size>
         <input_file_ref idref="fl-2"/>
      </object_component>
      <object_component id="oc-93">
         <name>.debug_line</name>
         <load_address>0x7d1</load_address>
         <run_address>0x7d1</run_address>
         <size>0x5e</size>
         <input_file_ref idref="fl-2"/>
      </object_component>
      <object_component id="oc-1f5">
         <name>.debug_line</name>
         <load_address>0x82f</load_address>
         <run_address>0x82f</run_address>
         <size>0x6a</size>
         <input_file_ref idref="fl-2"/>
      </object_component>
      <object_component id="oc-1b9">
         <name>.debug_line</name>
         <load_address>0x899</load_address>
         <run_address>0x899</run_address>
         <size>0x74</size>
         <input_file_ref idref="fl-2"/>
      </object_component>
      <object_component id="oc-114">
         <name>.debug_line</name>
         <load_address>0x90d</load_address>
         <run_address>0x90d</run_address>
         <size>0x51</size>
         <input_file_ref idref="fl-2"/>
      </object_component>
      <object_component id="oc-270">
         <name>.debug_line</name>
         <load_address>0x95e</load_address>
         <run_address>0x95e</run_address>
         <size>0x51</size>
         <input_file_ref idref="fl-3"/>
      </object_component>
      <object_component id="oc-26e">
         <name>.debug_line</name>
         <load_address>0x9af</load_address>
         <run_address>0x9af</run_address>
         <size>0x5c</size>
         <input_file_ref idref="fl-3"/>
      </object_component>
      <object_component id="oc-265">
         <name>.debug_line</name>
         <load_address>0xa0b</load_address>
         <run_address>0xa0b</run_address>
         <size>0x5c</size>
         <input_file_ref idref="fl-3"/>
      </object_component>
      <object_component id="oc-26c">
         <name>.debug_line</name>
         <load_address>0xa67</load_address>
         <run_address>0xa67</run_address>
         <size>0x5c</size>
         <input_file_ref idref="fl-3"/>
      </object_component>
      <object_component id="oc-263">
         <name>.debug_line</name>
         <load_address>0xac3</load_address>
         <run_address>0xac3</run_address>
         <size>0x5c</size>
         <input_file_ref idref="fl-3"/>
      </object_component>
      <object_component id="oc-e3">
         <name>.debug_line</name>
         <load_address>0xb1f</load_address>
         <run_address>0xb1f</run_address>
         <size>0x133</size>
         <input_file_ref idref="fl-3"/>
      </object_component>
      <object_component id="oc-1b4">
         <name>.debug_line</name>
         <load_address>0xc52</load_address>
         <run_address>0xc52</run_address>
         <size>0x6b</size>
         <input_file_ref idref="fl-3"/>
      </object_component>
      <object_component id="oc-1c3">
         <name>.debug_line</name>
         <load_address>0xcbd</load_address>
         <run_address>0xcbd</run_address>
         <size>0x55</size>
         <input_file_ref idref="fl-3"/>
      </object_component>
      <object_component id="oc-269">
         <name>.debug_line</name>
         <load_address>0xd12</load_address>
         <run_address>0xd12</run_address>
         <size>0x5c</size>
         <input_file_ref idref="fl-3"/>
      </object_component>
      <object_component id="oc-274">
         <name>.debug_line</name>
         <load_address>0xd6e</load_address>
         <run_address>0xd6e</run_address>
         <size>0x99</size>
         <input_file_ref idref="fl-4"/>
      </object_component>
      <object_component id="oc-280">
         <name>.debug_line</name>
         <load_address>0xe07</load_address>
         <run_address>0xe07</run_address>
         <size>0x36</size>
         <input_file_ref idref="fl-4"/>
      </object_component>
      <object_component id="oc-145">
         <name>.debug_line</name>
         <load_address>0xe3d</load_address>
         <run_address>0xe3d</run_address>
         <size>0x102</size>
         <input_file_ref idref="fl-4"/>
      </object_component>
      <object_component id="oc-119">
         <name>.debug_line</name>
         <load_address>0xf3f</load_address>
         <run_address>0xf3f</run_address>
         <size>0x55</size>
         <input_file_ref idref="fl-4"/>
      </object_component>
      <object_component id="oc-10a">
         <name>.debug_line</name>
         <load_address>0xf94</load_address>
         <run_address>0xf94</run_address>
         <size>0x6b</size>
         <input_file_ref idref="fl-4"/>
      </object_component>
      <object_component id="oc-27e">
         <name>.debug_line</name>
         <load_address>0xfff</load_address>
         <run_address>0xfff</run_address>
         <size>0xda</size>
         <input_file_ref idref="fl-5"/>
      </object_component>
      <object_component id="oc-13f">
         <name>.debug_line</name>
         <load_address>0x10d9</load_address>
         <run_address>0x10d9</run_address>
         <size>0x1bf</size>
         <input_file_ref idref="fl-5"/>
      </object_component>
      <object_component id="oc-272">
         <name>.debug_line</name>
         <load_address>0x1298</load_address>
         <run_address>0x1298</run_address>
         <size>0x20</size>
         <input_file_ref idref="fl-6"/>
      </object_component>
      <object_component id="oc-e9">
         <name>.debug_line</name>
         <load_address>0x12b8</load_address>
         <run_address>0x12b8</run_address>
         <size>0x104</size>
         <input_file_ref idref="fl-6"/>
      </object_component>
      <object_component id="oc-229">
         <name>.debug_line</name>
         <load_address>0x13bc</load_address>
         <run_address>0x13bc</run_address>
         <size>0x142</size>
         <input_file_ref idref="fl-7"/>
      </object_component>
      <object_component id="oc-c7">
         <name>.debug_line</name>
         <load_address>0x14fe</load_address>
         <run_address>0x14fe</run_address>
         <size>0xdb</size>
         <input_file_ref idref="fl-7"/>
      </object_component>
      <object_component id="oc-106">
         <name>.debug_line</name>
         <load_address>0x15d9</load_address>
         <run_address>0x15d9</run_address>
         <size>0x8a</size>
         <input_file_ref idref="fl-8"/>
      </object_component>
      <object_component id="oc-dd">
         <name>.debug_line</name>
         <load_address>0x1663</load_address>
         <run_address>0x1663</run_address>
         <size>0x59</size>
         <input_file_ref idref="fl-8"/>
      </object_component>
      <object_component id="oc-104">
         <name>.debug_line</name>
         <load_address>0x16bc</load_address>
         <run_address>0x16bc</run_address>
         <size>0x59</size>
         <input_file_ref idref="fl-8"/>
      </object_component>
      <object_component id="oc-37">
         <name>.debug_line</name>
         <load_address>0x1715</load_address>
         <run_address>0x1715</run_address>
         <size>0x15b</size>
         <input_file_ref idref="fl-8"/>
      </object_component>
      <object_component id="oc-31">
         <name>.debug_line</name>
         <load_address>0x1870</load_address>
         <run_address>0x1870</run_address>
         <size>0xee</size>
         <input_file_ref idref="fl-9"/>
      </object_component>
      <object_component id="oc-286">
         <name>.debug_line</name>
         <load_address>0x195e</load_address>
         <run_address>0x195e</run_address>
         <size>0xf5</size>
         <input_file_ref idref="fl-a"/>
      </object_component>
      <object_component id="oc-15a">
         <name>.debug_line</name>
         <load_address>0x1a53</load_address>
         <run_address>0x1a53</run_address>
         <size>0x74f</size>
         <input_file_ref idref="fl-a"/>
      </object_component>
      <object_component id="oc-28a">
         <name>.debug_line</name>
         <load_address>0x21a2</load_address>
         <run_address>0x21a2</run_address>
         <size>0x52</size>
         <input_file_ref idref="fl-a"/>
      </object_component>
      <object_component id="oc-225">
         <name>.debug_line</name>
         <load_address>0x21f4</load_address>
         <run_address>0x21f4</run_address>
         <size>0x52</size>
         <input_file_ref idref="fl-a"/>
      </object_component>
      <object_component id="oc-282">
         <name>.debug_line</name>
         <load_address>0x2246</load_address>
         <run_address>0x2246</run_address>
         <size>0x9a</size>
         <input_file_ref idref="fl-b"/>
      </object_component>
      <object_component id="oc-14e">
         <name>.debug_line</name>
         <load_address>0x22e0</load_address>
         <run_address>0x22e0</run_address>
         <size>0x132</size>
         <input_file_ref idref="fl-b"/>
      </object_component>
      <object_component id="oc-96">
         <name>.debug_line</name>
         <load_address>0x2412</load_address>
         <run_address>0x2412</run_address>
         <size>0x60</size>
         <input_file_ref idref="fl-c"/>
      </object_component>
      <object_component id="oc-39">
         <name>.debug_line</name>
         <load_address>0x2472</load_address>
         <run_address>0x2472</run_address>
         <size>0x60</size>
         <input_file_ref idref="fl-c"/>
      </object_component>
      <object_component id="oc-2b">
         <name>.debug_line</name>
         <load_address>0x24d2</load_address>
         <run_address>0x24d2</run_address>
         <size>0xc0</size>
         <input_file_ref idref="fl-c"/>
      </object_component>
      <object_component id="oc-276">
         <name>.debug_line</name>
         <load_address>0x2592</load_address>
         <run_address>0x2592</run_address>
         <size>0x51</size>
         <input_file_ref idref="fl-d"/>
      </object_component>
      <object_component id="oc-13a">
         <name>.debug_line</name>
         <load_address>0x25e3</load_address>
         <run_address>0x25e3</run_address>
         <size>0x6e</size>
         <input_file_ref idref="fl-d"/>
      </object_component>
      <object_component id="oc-284">
         <name>.debug_line</name>
         <load_address>0x2651</load_address>
         <run_address>0x2651</run_address>
         <size>0x92</size>
         <input_file_ref idref="fl-e"/>
      </object_component>
      <object_component id="oc-155">
         <name>.debug_line</name>
         <load_address>0x26e3</load_address>
         <run_address>0x26e3</run_address>
         <size>0xc1</size>
         <input_file_ref idref="fl-e"/>
      </object_component>
      <object_component id="oc-137">
         <name>.debug_line</name>
         <load_address>0x27a4</load_address>
         <run_address>0x27a4</run_address>
         <size>0x7f</size>
         <input_file_ref idref="fl-f"/>
      </object_component>
      <object_component id="oc-1ab">
         <name>.debug_line</name>
         <load_address>0x2823</load_address>
         <run_address>0x2823</run_address>
         <size>0x10f</size>
         <input_file_ref idref="fl-10"/>
      </object_component>
      <object_component id="oc-d5">
         <name>.debug_line</name>
         <load_address>0x2932</load_address>
         <run_address>0x2932</run_address>
         <size>0x52</size>
         <input_file_ref idref="fl-10"/>
      </object_component>
      <object_component id="oc-1d6">
         <name>.debug_line</name>
         <load_address>0x2984</load_address>
         <run_address>0x2984</run_address>
         <size>0x52</size>
         <input_file_ref idref="fl-10"/>
      </object_component>
      <object_component id="oc-1e2">
         <name>.debug_line</name>
         <load_address>0x29d6</load_address>
         <run_address>0x29d6</run_address>
         <size>0x52</size>
         <input_file_ref idref="fl-10"/>
      </object_component>
      <object_component id="oc-1e4">
         <name>.debug_line</name>
         <load_address>0x2a28</load_address>
         <run_address>0x2a28</run_address>
         <size>0x52</size>
         <input_file_ref idref="fl-10"/>
      </object_component>
      <object_component id="oc-1e0">
         <name>.debug_line</name>
         <load_address>0x2a7a</load_address>
         <run_address>0x2a7a</run_address>
         <size>0x52</size>
         <input_file_ref idref="fl-10"/>
      </object_component>
      <object_component id="oc-1dc">
         <name>.debug_line</name>
         <load_address>0x2acc</load_address>
         <run_address>0x2acc</run_address>
         <size>0x52</size>
         <input_file_ref idref="fl-10"/>
      </object_component>
      <object_component id="oc-1d8">
         <name>.debug_line</name>
         <load_address>0x2b1e</load_address>
         <run_address>0x2b1e</run_address>
         <size>0x52</size>
         <input_file_ref idref="fl-10"/>
      </object_component>
      <object_component id="oc-1da">
         <name>.debug_line</name>
         <load_address>0x2b70</load_address>
         <run_address>0x2b70</run_address>
         <size>0x52</size>
         <input_file_ref idref="fl-10"/>
      </object_component>
      <object_component id="oc-1de">
         <name>.debug_line</name>
         <load_address>0x2bc2</load_address>
         <run_address>0x2bc2</run_address>
         <size>0x52</size>
         <input_file_ref idref="fl-10"/>
      </object_component>
      <object_component id="oc-83">
         <name>.debug_line</name>
         <load_address>0x2c14</load_address>
         <run_address>0x2c14</run_address>
         <size>0xb80</size>
         <input_file_ref idref="fl-10"/>
      </object_component>
      <object_component id="oc-da">
         <name>.debug_line</name>
         <load_address>0x3794</load_address>
         <run_address>0x3794</run_address>
         <size>0x51</size>
         <input_file_ref idref="fl-10"/>
      </object_component>
      <object_component id="oc-1af">
         <name>.debug_line</name>
         <load_address>0x37e5</load_address>
         <run_address>0x37e5</run_address>
         <size>0x53</size>
         <input_file_ref idref="fl-10"/>
      </object_component>
      <object_component id="oc-1be">
         <name>.debug_line</name>
         <load_address>0x3838</load_address>
         <run_address>0x3838</run_address>
         <size>0x52</size>
         <input_file_ref idref="fl-10"/>
      </object_component>
      <object_component id="oc-2c3">
         <name>.debug_line</name>
         <load_address>0x388a</load_address>
         <run_address>0x388a</run_address>
         <size>0x20</size>
         <input_file_ref idref="fl-11"/>
      </object_component>
      <object_component id="oc-2c1">
         <name>.debug_line</name>
         <load_address>0x38aa</load_address>
         <run_address>0x38aa</run_address>
         <size>0x2e</size>
         <input_file_ref idref="fl-11"/>
      </object_component>
      <object_component id="oc-22d">
         <name>.debug_line</name>
         <load_address>0x38d8</load_address>
         <run_address>0x38d8</run_address>
         <size>0x9f</size>
         <input_file_ref idref="fl-11"/>
      </object_component>
      <object_component id="oc-4a">
         <name>.debug_line</name>
         <load_address>0x3977</load_address>
         <run_address>0x3977</run_address>
         <size>0x88</size>
         <input_file_ref idref="fl-cb"/>
      </object_component>
      <object_component id="oc-ba">
         <name>.debug_line</name>
         <load_address>0x39ff</load_address>
         <run_address>0x39ff</run_address>
         <size>0x79</size>
         <input_file_ref idref="fl-cc"/>
      </object_component>
      <object_component id="oc-12f">
         <name>.debug_line</name>
         <load_address>0x3a78</load_address>
         <run_address>0x3a78</run_address>
         <size>0x92</size>
         <input_file_ref idref="fl-cd"/>
      </object_component>
      <object_component id="oc-5d">
         <name>.debug_line</name>
         <load_address>0x3b0a</load_address>
         <run_address>0x3b0a</run_address>
         <size>0x53</size>
         <input_file_ref idref="fl-cd"/>
      </object_component>
      <object_component id="oc-b3">
         <name>.debug_line</name>
         <load_address>0x3b5d</load_address>
         <run_address>0x3b5d</run_address>
         <size>0x34</size>
         <input_file_ref idref="fl-cd"/>
      </object_component>
      <object_component id="oc-12c">
         <name>.debug_line</name>
         <load_address>0x3b91</load_address>
         <run_address>0x3b91</run_address>
         <size>0x92</size>
         <input_file_ref idref="fl-cd"/>
      </object_component>
      <object_component id="oc-ae">
         <name>.debug_line</name>
         <load_address>0x3c23</load_address>
         <run_address>0x3c23</run_address>
         <size>0x20</size>
         <input_file_ref idref="fl-ce"/>
      </object_component>
      <object_component id="oc-1f">
         <name>.debug_line</name>
         <load_address>0x3c43</load_address>
         <run_address>0x3c43</run_address>
         <size>0x55</size>
         <input_file_ref idref="fl-ce"/>
      </object_component>
      <object_component id="oc-4f">
         <name>.debug_line</name>
         <load_address>0x3c98</load_address>
         <run_address>0x3c98</run_address>
         <size>0x3a</size>
         <input_file_ref idref="fl-ce"/>
      </object_component>
      <object_component id="oc-ab">
         <name>.debug_line</name>
         <load_address>0x3cd2</load_address>
         <run_address>0x3cd2</run_address>
         <size>0x92</size>
         <input_file_ref idref="fl-ce"/>
      </object_component>
      <object_component id="oc-128">
         <name>.debug_line</name>
         <load_address>0x3d64</load_address>
         <run_address>0x3d64</run_address>
         <size>0x20</size>
         <input_file_ref idref="fl-cf"/>
      </object_component>
      <object_component id="oc-1a">
         <name>.debug_line</name>
         <load_address>0x3d84</load_address>
         <run_address>0x3d84</run_address>
         <size>0xa9</size>
         <input_file_ref idref="fl-cf"/>
      </object_component>
      <object_component id="oc-3f">
         <name>.debug_line</name>
         <load_address>0x3e2d</load_address>
         <run_address>0x3e2d</run_address>
         <size>0x3a</size>
         <input_file_ref idref="fl-cf"/>
      </object_component>
      <object_component id="oc-125">
         <name>.debug_line</name>
         <load_address>0x3e67</load_address>
         <run_address>0x3e67</run_address>
         <size>0x9a</size>
         <input_file_ref idref="fl-cf"/>
      </object_component>
      <object_component id="oc-a4">
         <name>.debug_line</name>
         <load_address>0x3f01</load_address>
         <run_address>0x3f01</run_address>
         <size>0x96</size>
         <input_file_ref idref="fl-cf"/>
      </object_component>
      <object_component id="oc-2c5">
         <name>.debug_line</name>
         <load_address>0x3f97</load_address>
         <run_address>0x3f97</run_address>
         <size>0x20</size>
         <input_file_ref idref="fl-d0"/>
      </object_component>
      <object_component id="oc-233">
         <name>.debug_line</name>
         <load_address>0x3fb7</load_address>
         <run_address>0x3fb7</run_address>
         <size>0xae</size>
         <input_file_ref idref="fl-d0"/>
      </object_component>
      <object_component id="oc-2bd">
         <name>.debug_line</name>
         <load_address>0x4065</load_address>
         <run_address>0x4065</run_address>
         <size>0x20</size>
         <input_file_ref idref="fl-d1"/>
      </object_component>
      <object_component id="oc-20e">
         <name>.debug_line</name>
         <load_address>0x4085</load_address>
         <run_address>0x4085</run_address>
         <size>0xad</size>
         <input_file_ref idref="fl-d1"/>
      </object_component>
      <object_component id="oc-2bf">
         <name>.debug_line</name>
         <load_address>0x4132</load_address>
         <run_address>0x4132</run_address>
         <size>0x20</size>
         <input_file_ref idref="fl-d2"/>
      </object_component>
      <object_component id="oc-211">
         <name>.debug_line</name>
         <load_address>0x4152</load_address>
         <run_address>0x4152</run_address>
         <size>0xa8</size>
         <input_file_ref idref="fl-d2"/>
      </object_component>
      <object_component id="oc-2bb">
         <name>.debug_line</name>
         <load_address>0x41fa</load_address>
         <run_address>0x41fa</run_address>
         <size>0x20</size>
         <input_file_ref idref="fl-d3"/>
      </object_component>
      <object_component id="oc-207">
         <name>.debug_line</name>
         <load_address>0x421a</load_address>
         <run_address>0x421a</run_address>
         <size>0xae</size>
         <input_file_ref idref="fl-d3"/>
      </object_component>
      <object_component id="oc-77">
         <name>.debug_line</name>
         <load_address>0x42c8</load_address>
         <run_address>0x42c8</run_address>
         <size>0x33</size>
         <input_file_ref idref="fl-d4"/>
      </object_component>
      <object_component id="oc-68">
         <name>.debug_line</name>
         <load_address>0x42fb</load_address>
         <run_address>0x42fb</run_address>
         <size>0x45</size>
         <input_file_ref idref="fl-d4"/>
      </object_component>
      <object_component id="oc-2a8">
         <name>.debug_line</name>
         <load_address>0x4340</load_address>
         <run_address>0x4340</run_address>
         <size>0xbf</size>
         <input_file_ref idref="fl-d5"/>
      </object_component>
      <object_component id="oc-17b">
         <name>.debug_line</name>
         <load_address>0x43ff</load_address>
         <run_address>0x43ff</run_address>
         <size>0x6f</size>
         <input_file_ref idref="fl-d5"/>
      </object_component>
      <object_component id="oc-2ac">
         <name>.debug_line</name>
         <load_address>0x446e</load_address>
         <run_address>0x446e</run_address>
         <size>0x2e</size>
         <input_file_ref idref="fl-d5"/>
      </object_component>
      <object_component id="oc-2cc">
         <name>.debug_line</name>
         <load_address>0x449c</load_address>
         <run_address>0x449c</run_address>
         <size>0x9a</size>
         <input_file_ref idref="fl-d5"/>
      </object_component>
      <object_component id="oc-2b1">
         <name>.debug_line</name>
         <load_address>0x4536</load_address>
         <run_address>0x4536</run_address>
         <size>0x97</size>
         <input_file_ref idref="fl-d5"/>
      </object_component>
      <object_component id="oc-2b6">
         <name>.debug_line</name>
         <load_address>0x45cd</load_address>
         <run_address>0x45cd</run_address>
         <size>0x93</size>
         <input_file_ref idref="fl-d5"/>
      </object_component>
      <object_component id="oc-c1">
         <name>.debug_line</name>
         <load_address>0x4660</load_address>
         <run_address>0x4660</run_address>
         <size>0x40</size>
         <input_file_ref idref="fl-d6"/>
      </object_component>
      <object_component id="oc-171">
         <name>.debug_line</name>
         <load_address>0x46a0</load_address>
         <run_address>0x46a0</run_address>
         <size>0x3c</size>
         <input_file_ref idref="fl-d8"/>
      </object_component>
      <object_component id="oc-169">
         <name>.debug_frame</name>
         <load_address>0x0</load_address>
         <run_address>0x0</run_address>
         <size>0xb0</size>
         <input_file_ref idref="fl-2"/>
      </object_component>
      <object_component id="oc-e2">
         <name>.debug_frame</name>
         <load_address>0xb0</load_address>
         <run_address>0xb0</run_address>
         <size>0xbc</size>
         <input_file_ref idref="fl-3"/>
      </object_component>
      <object_component id="oc-146">
         <name>.debug_frame</name>
         <load_address>0x16c</load_address>
         <run_address>0x16c</run_address>
         <size>0xc8</size>
         <input_file_ref idref="fl-4"/>
      </object_component>
      <object_component id="oc-143">
         <name>.debug_frame</name>
         <load_address>0x234</load_address>
         <run_address>0x234</run_address>
         <size>0x138</size>
         <input_file_ref idref="fl-5"/>
      </object_component>
      <object_component id="oc-e8">
         <name>.debug_frame</name>
         <load_address>0x36c</load_address>
         <run_address>0x36c</run_address>
         <size>0xb8</size>
         <input_file_ref idref="fl-6"/>
      </object_component>
      <object_component id="oc-c6">
         <name>.debug_frame</name>
         <load_address>0x424</load_address>
         <run_address>0x424</run_address>
         <size>0xc0</size>
         <input_file_ref idref="fl-7"/>
      </object_component>
      <object_component id="oc-36">
         <name>.debug_frame</name>
         <load_address>0x4e4</load_address>
         <run_address>0x4e4</run_address>
[...]
         <name>result</name>
         <value>0x20001c9c</value>
      </symbol>
      <symbol id="sm-20e">
         <name>yellow_led_init</name>
         <value>0x33e9</value>
         <object_component_ref idref="oc-c2"/>
      </symbol>
      <symbol id="sm-20f">
         <name>green_led_init</name>
         <value>0x3429</value>
         <object_component_ref idref="oc-c2"/>
      </symbol>
      <symbol id="sm-210">
         <name>main</name>
         <value>0x3491</value>
         <object_component_ref idref="oc-c2"/>
      </symbol>
      <symbol id="sm-211">
         <name>red_led_init</name>
         <value>0x33a9</value>
         <object_component_ref idref="oc-c2"/>
      </symbol>
      <symbol id="sm-241">
         <name>ulMaxSyscallInterruptPriority</name>
         <value>0x4634</value>
         <object_component_ref idref="oc-7c"/>
      </symbol>
      <symbol id="sm-242">
         <name>vPortSetupTimerInterrupt</name>
         <value>0x3ebb</value>
         <object_component_ref idref="oc-32"/>
      </symbol>
      <symbol id="sm-243">
         <name>vPortEndScheduler</name>
         <value>0x3e5d</value>
         <object_component_ref idref="oc-32"/>
      </symbol>
      <symbol id="sm-244">
         <name>xPortSysTickHandler</name>
         <value>0x3e95</value>
         <object_component_ref idref="oc-32"/>
      </symbol>
      <symbol id="sm-245">
         <name>pxPortInitialiseStack</name>
         <value>0x3dbd</value>
         <object_component_ref idref="oc-32"/>
      </symbol>
      <symbol id="sm-246">
         <name>vPortExitCritical</name>
         <value>0x3e7f</value>
         <object_component_ref idref="oc-32"/>
      </symbol>
      <symbol id="sm-247">
         <name>xPortStartScheduler</name>
         <value>0x3e27</value>
         <object_component_ref idref="oc-32"/>
      </symbol>
      <symbol id="sm-248">
         <name>vPortEnterCritical</name>
         <value>0x3e5f</value>
         <object_component_ref idref="oc-32"/>
      </symbol>
      <symbol id="sm-257">
         <name>vPortStartFirstTask</name>
         <value>0x41ed</value>
         <object_component_ref idref="oc-2d"/>
      </symbol>
      <symbol id="sm-258">
         <name>ulPortGetIPSR</name>
         <value>0x4155</value>
         <object_component_ref idref="oc-2d"/>
      </symbol>
      <symbol id="sm-259">
         <name>vPortEnableVFP</name>
         <value>0x4211</value>
         <object_component_ref idref="oc-2d"/>
      </symbol>
      <symbol id="sm-25a">
         <name>xPortPendSVHandler</name>
         <value>0x416d</value>
         <object_component_ref idref="oc-2d"/>
      </symbol>
      <symbol id="sm-25b">
         <name>vPortSVCHandler</name>
         <value>0x41cd</value>
         <object_component_ref idref="oc-2d"/>
      </symbol>
      <symbol id="sm-30f">
         <name>xQueuePeekFromISR</name>
         <value>0x2883</value>
         <object_component_ref idref="oc-156"/>
      </symbol>
      <symbol id="sm-310">
         <name>xQueueIsQueueEmptyFromISR</name>
         <value>0x2b1b</value>
         <object_component_ref idref="oc-156"/>
      </symbol>
      <symbol id="sm-311">
         <name>xQueueGenericSendFromISR</name>
         <value>0x2319</value>
         <object_component_ref idref="oc-156"/>
      </symbol>
      <symbol id="sm-312">
         <name>uxQueueMessagesWaiting</name>
         <value>0x28d5</value>
         <object_component_ref idref="oc-156"/>
      </symbol>
      <symbol id="sm-313">
         <name>xQueueIsQueueFullFromISR</name>
         <value>0x2b61</value>
         <object_component_ref idref="oc-156"/>
      </symbol>
      <symbol id="sm-314">
         <name>xQueueGenericCreate</name>
         <value>0x206f</value>
         <object_component_ref idref="oc-156"/>
      </symbol>
      <symbol id="sm-315">
         <name>xQueueCreateMutex</name>
         <value>0x213f</value>
         <object_component_ref idref="oc-156"/>
      </symbol>
      <symbol id="sm-316">
         <name>xQueueGenericSend</name>
         <value>0x21eb</value>
         <object_component_ref idref="oc-156"/>
      </symbol>
      <symbol id="sm-317">
         <name>xQueueGenericReset</name>
         <value>0x1f9d</value>
         <object_component_ref idref="oc-156"/>
      </symbol>
      <symbol id="sm-318">
         <name>xQueueReceiveFromISR</name>
         <value>0x27e9</value>
         <object_component_ref idref="oc-156"/>
      </symbol>
      <symbol id="sm-319">
         <name>uxQueueSpacesAvailable</name>
         <value>0x28eb</value>
         <object_component_ref idref="oc-156"/>
      </symbol>
      <symbol id="sm-31a">
         <name>xQueueGiveMutexRecursive</name>
         <value>0x216b</value>
         <object_component_ref idref="oc-156"/>
      </symbol>
      <symbol id="sm-31b">
         <name>xQueueSemaphoreTake</name>
         <value>0x256d</value>
         <object_component_ref idref="oc-156"/>
      </symbol>
      <symbol id="sm-31c">
         <name>xQueueGiveFromISR</name>
         <value>0x23bb</value>
         <object_component_ref idref="oc-156"/>
      </symbol>
      <symbol id="sm-31d">
         <name>uxQueueMessagesWaitingFromISR</name>
         <value>0x290b</value>
         <object_component_ref idref="oc-156"/>
      </symbol>
      <symbol id="sm-31e">
         <name>xQueueTakeMutexRecursive</name>
         <value>0x21a7</value>
         <object_component_ref idref="oc-156"/>
      </symbol>
      <symbol id="sm-31f">
         <name>vQueueDelete</name>
         <value>0x2921</value>
         <object_component_ref idref="oc-156"/>
      </symbol>
      <symbol id="sm-320">
         <name>xQueuePeek</name>
         <value>0x26c7</value>
         <object_component_ref idref="oc-156"/>
      </symbol>
      <symbol id="sm-321">
         <name>xQueueReceive</name>
         <value>0x244f</value>
         <object_component_ref idref="oc-156"/>
      </symbol>
      <symbol id="sm-343">
         <name>rotary_task</name>
         <value>0x3c49</value>
         <object_component_ref idref="oc-14a"/>
      </symbol>
      <symbol id="sm-344">
         <name>rotary_read</name>
         <value>0x3c27</value>
         <object_component_ref idref="oc-14a"/>
      </symbol>
      <symbol id="sm-345">
         <name>button_read</name>
         <value>0x3c3f</value>
         <object_component_ref idref="oc-14a"/>
      </symbol>
      <symbol id="sm-346">
         <name>rot_enc_init</name>
         <value>0x3bf1</value>
         <object_component_ref idref="oc-14a"/>
      </symbol>
      <symbol id="sm-362">
         <name>ResetISR</name>
         <value>0x45e5</value>
         <object_component_ref idref="oc-27"/>
      </symbol>
      <symbol id="sm-363">
         <name>g_pfnVectors</name>
         <value>0x0</value>
         <object_component_ref idref="oc-12"/>
      </symbol>
      <symbol id="sm-377">
         <name>status_led_init</name>
         <value>0x449d</value>
         <object_component_ref idref="oc-138"/>
      </symbol>
      <symbol id="sm-378">
         <name>status_led_task</name>
         <value>0x44cb</value>
         <object_component_ref idref="oc-138"/>
      </symbol>
      <symbol id="sm-39a">
         <name>switch_task</name>
         <value>0x4093</value>
         <object_component_ref idref="oc-150"/>
      </symbol>
      <symbol id="sm-39b">
         <name>sw1_pressed</name>
         <value>0x406b</value>
         <object_component_ref idref="oc-150"/>
      </symbol>
      <symbol id="sm-39c">
         <name>switch_init</name>
         <value>0x4025</value>
         <object_component_ref idref="oc-150"/>
      </symbol>
      <symbol id="sm-39d">
         <name>sw2_pressed</name>
         <value>0x407f</value>
         <object_component_ref idref="oc-150"/>
      </symbol>
      <symbol id="sm-3ae">
         <name>init_systick</name>
         <value>0x43c9</value>
         <object_component_ref idref="oc-132"/>
      </symbol>
      <symbol id="sm-59f">
         <name>vTaskDelay</name>
         <value>0x5eb</value>
         <object_component_ref idref="oc-7f"/>
      </symbol>
      <symbol id="sm-5a0">
         <name>vTaskSuspendAll</name>
         <value>0xb33</value>
         <object_component_ref idref="oc-7f"/>
      </symbol>
      <symbol id="sm-5a1">
         <name>vTaskPlaceOnEventList</name>
         <value>0xf9b</value>
         <object_component_ref idref="oc-7f"/>
      </symbol>
      <symbol id="sm-5a2">
         <name>uxTaskPriorityGetFromISR</name>
         <value>0x64d</value>
         <object_component_ref idref="oc-7f"/>
      </symbol>
      <symbol id="sm-5a3">
         <name>pcTaskGetName</name>
         <value>0xd11</value>
         <object_component_ref idref="oc-7f"/>
      </symbol>
      <symbol id="sm-5a4">
         <name>xTaskCheckForTimeOut</name>
         <value>0x12dd</value>
         <object_component_ref idref="oc-7f"/>
      </symbol>
      <symbol id="sm-5a5">
         <name>vTaskGenericNotifyGiveFromISR</name>
         <value>0x1cb1</value>
         <object_component_ref idref="oc-7f"/>
      </symbol>
      <symbol id="sm-5a6">
         <name>vTaskRemoveFromUnorderedEventList</name>
         <value>0x1195</value>
         <object_component_ref idref="oc-7f"/>
      </symbol>
      <symbol id="sm-5a7">
         <name>vTaskPrioritySet</name>
         <value>0x6a9</value>
         <object_component_ref idref="oc-7f"/>
      </symbol>
      <symbol id="sm-5a8">
         <name>xTaskPriorityDisinherit</name>
         <value>0x15a9</value>
         <object_component_ref idref="oc-7f"/>
      </symbol>
      <symbol id="sm-5a9">
         <name>vTaskStartScheduler</name>
         <value>0xacd</value>
         <object_component_ref idref="oc-7f"/>
      </symbol>
      <symbol id="sm-5aa">
         <name>vTaskInternalSetTimeOutState</name>
         <value>0x12bd</value>
         <object_component_ref idref="oc-7f"/>
      </symbol>
      <symbol id="sm-5ab">
         <name>pvTaskIncrementMutexHeldCount</name>
         <value>0x17c9</value>
         <object_component_ref idref="oc-7f"/>
      </symbol>
      <symbol id="sm-5ac">
         <name>xTaskGenericNotifyStateClear</name>
         <value>0x1e09</value>
         <object_component_ref idref="oc-7f"/>
      </symbol>
      <symbol id="sm-5ad">
         <name>xTaskGenericNotify</name>
         <value>0x1951</value>
         <object_component_ref idref="oc-7f"/>
      </symbol>
      <symbol id="sm-5ae">
         <name>vTaskPriorityDisinheritAfterTimeout</name>
         <value>0x16a1</value>
         <object_component_ref idref="oc-7f"/>
      </symbol>
      <symbol id="sm-5af">
         <name>xTaskCreate</name>
         <value>0x26d</value>
         <object_component_ref idref="oc-7f"/>
      </symbol>
      <symbol id="sm-5b0">
         <name>xTaskDelayUntil</name>
         <value>0x55b</value>
         <object_component_ref idref="oc-7f"/>
      </symbol>
      <symbol id="sm-5b1">
         <name>vTaskEndScheduler</name>
         <value>0xb17</value>
         <object_component_ref idref="oc-7f"/>
      </symbol>
      <symbol id="sm-5b2">
         <name>vTaskMissedYield</name>
         <value>0x1361</value>
         <object_component_ref idref="oc-7f"/>
      </symbol>
      <symbol id="sm-5b3">
         <name>uxTaskGetNumberOfTasks</name>
         <value>0xd01</value>
         <object_component_ref idref="oc-7f"/>
      </symbol>
      <symbol id="sm-5b4">
         <name>xTaskCatchUpTicks</name>
         <value>0xd31</value>
         <object_component_ref idref="oc-7f"/>
      </symbol>
      <symbol id="sm-5b5">
         <name>xTaskGenericNotifyFromISR</name>
         <value>0x1ad9</value>
         <object_component_ref idref="oc-7f"/>
      </symbol>
      <symbol id="sm-5b6">
         <name>uxTaskPriorityGet</name>
         <value>0x621</value>
         <object_component_ref idref="oc-7f"/>
      </symbol>
      <symbol id="sm-5b7">
         <name>xTaskResumeAll</name>
         <value>0xb49</value>
         <object_component_ref idref="oc-7f"/>
      </symbol>
      <symbol id="sm-5b8">
         <name>xTaskGetTickCount</name>
         <value>0xcd5</value>
         <object_component_ref idref="oc-7f"/>
      </symbol>
      <symbol id="sm-5b9">
         <name>ulTaskGenericNotifyTake</name>
         <value>0x17e9</value>
         <object_component_ref idref="oc-7f"/>
      </symbol>
      <symbol id="sm-5ba">
         <name>vTaskDelete</name>
         <value>0x4a3</value>
         <object_component_ref idref="oc-7f"/>
      </symbol>
      <symbol id="sm-5bb">
         <name>ulTaskGenericNotifyValueClear</name>
         <value>0x1e59</value>
         <object_component_ref idref="oc-7f"/>
      </symbol>
      <symbol id="sm-5bc">
         <name>xTaskGenericNotifyWait</name>
         <value>0x188f</value>
         <object_component_ref idref="oc-7f"/>
      </symbol>
      <symbol id="sm-5bd">
         <name>pxCurrentTCB</name>
         <value>0x20001ec0</value>
         <object_component_ref idref="oc-79"/>
      </symbol>
      <symbol id="sm-5be">
         <name>vTaskSuspend</name>
         <value>0x801</value>
         <object_component_ref idref="oc-7f"/>
      </symbol>
      <symbol id="sm-5bf">
         <name>xTaskGetTickCountFromISR</name>
         <value>0xce9</value>
         <object_component_ref idref="oc-7f"/>
      </symbol>
      <symbol id="sm-5c0">
         <name>vTaskResume</name>
         <value>0x92b</value>
         <object_component_ref idref="oc-7f"/>
      </symbol>
      <symbol id="sm-5c1">
         <name>uxTopUsedPriority</name>
         <value>0x4638</value>
         <object_component_ref idref="oc-f6"/>
      </symbol>
      <symbol id="sm-5c2">
         <name>vTaskSetTimeOutState</name>
         <value>0x129f</value>
         <object_component_ref idref="oc-7f"/>
      </symbol>
      <symbol id="sm-5c3">
         <name>xTaskIncrementTick</name>
         <value>0xd6d</value>
         <object_component_ref idref="oc-7f"/>
      </symbol>
      <symbol id="sm-5c4">
         <name>vTaskSwitchContext</name>
         <value>0xf39</value>
         <object_component_ref idref="oc-7f"/>
      </symbol>
      <symbol id="sm-5c5">
         <name>uxTaskResetEventItemValue</name>
         <value>0x17a1</value>
         <object_component_ref idref="oc-7f"/>
      </symbol>
      <symbol id="sm-5c6">
         <name>xTaskResumeFromISR</name>
         <value>0x9f5</value>
         <object_component_ref idref="oc-7f"/>
      </symbol>
      <symbol id="sm-5c7">
         <name>xTaskGetCurrentTaskHandle</name>
         <value>0x1465</value>
         <object_component_ref idref="oc-7f"/>
      </symbol>
      <symbol id="sm-5c8">
         <name>vTaskPlaceOnUnorderedEventList</name>
         <value>0xfbd</value>
         <object_component_ref idref="oc-7f"/>
      </symbol>
      <symbol id="sm-5c9">
         <name>xTaskRemoveFromEventList</name>
         <value>0x1035</value>
         <object_component_ref idref="oc-7f"/>
      </symbol>
      <symbol id="sm-5ca">
         <name>xTaskPriorityInherit</name>
         <value>0x1489</value>
         <object_component_ref idref="oc-7f"/>
      </symbol>
      <symbol id="sm-5e4">
         <name>timer_to_string</name>
         <value>0x42dd</value>
         <object_component_ref idref="oc-22a"/>
      </symbol>
      <symbol id="sm-5e5">
         <name>timer_tick_100ms</name>
         <value>0x42c5</value>
         <object_component_ref idref="oc-22a"/>
      </symbol>
      <symbol id="sm-5e6">
         <name>timer_reset</name>
         <value>0x42bd</value>
         <object_component_ref idref="oc-22a"/>
      </symbol>
      <symbol id="sm-5e7">
         <name>timer_get_100ms</name>
         <value>0x42d7</value>
         <object_component_ref idref="oc-22a"/>
      </symbol>
      <symbol id="sm-602">
         <name>memcpy</name>
         <value>0x421f</value>
         <object_component_ref idref="oc-46"/>
      </symbol>
      <symbol id="sm-603">
         <name>__aeabi_memcpy</name>
         <value>0x421f</value>
         <object_component_ref idref="oc-46"/>
      </symbol>
      <symbol id="sm-604">
         <name>__aeabi_memcpy8</name>
         <value>0x421f</value>
         <object_component_ref idref="oc-46"/>
      </symbol>
      <symbol id="sm-605">
         <name>__aeabi_memcpy4</name>
         <value>0x421f</value>
         <object_component_ref idref="oc-46"/>
      </symbol>
      <symbol id="sm-614">
         <name>__aeabi_memset</name>
         <value>0x434f</value>
         <object_component_ref idref="oc-b6"/>
      </symbol>
      <symbol id="sm-615">
         <name>memset</name>
         <value>0x4355</value>
         <object_component_ref idref="oc-b6"/>
      </symbol>
      <symbol id="sm-616">
         <name>__aeabi_memset8</name>
         <value>0x434f</value>
         <object_component_ref idref="oc-b6"/>
      </symbol>
      <symbol id="sm-617">
         <name>__aeabi_memset4</name>
         <value>0x434f</value>
         <object_component_ref idref="oc-b6"/>
      </symbol>
      <symbol id="sm-618">
         <name>__aeabi_memclr8</name>
         <value>0x434d</value>
         <object_component_ref idref="oc-b6"/>
      </symbol>
      <symbol id="sm-619">
         <name>__aeabi_memclr4</name>
         <value>0x434d</value>
         <object_component_ref idref="oc-b6"/>
      </symbol>
      <symbol id="sm-61a">
         <name>__aeabi_memclr</name>
         <value>0x434d</value>
         <object_component_ref idref="oc-b6"/>
      </symbol>
      <symbol id="sm-631">
         <name>__TI_zero_init</name>
         <value>0x45d9</value>
         <object_component_ref idref="oc-58"/>
      </symbol>
      <symbol id="sm-648">
         <name>__TI_decompress_none</name>
         <value>0x45cb</value>
         <object_component_ref idref="oc-1b"/>
      </symbol>
      <symbol id="sm-66b">
         <name>__TI_decompress_lzss</name>
         <value>0x4435</value>
         <object_component_ref idref="oc-15"/>
      </symbol>
      <symbol id="sm-67b">
         <name>strcat</name>
         <value>0x456d</value>
         <object_component_ref idref="oc-230"/>
      </symbol>
      <symbol id="sm-68a">
         <name>strcmp</name>
         <value>0x458b</value>
         <object_component_ref idref="oc-20a"/>
      </symbol>
      <symbol id="sm-698">
         <name>strcpy</name>
         <value>0x45a3</value>
         <object_component_ref idref="oc-210"/>
      </symbol>
      <symbol id="sm-6a6">
         <name>strlen</name>
         <value>0x45b7</value>
         <object_component_ref idref="oc-204"/>
      </symbol>
      <symbol id="sm-6b9">
         <name>__stack</name>
         <value>0x20001cc0</value>
         <object_component_ref idref="oc-24"/>
      </symbol>
      <symbol id="sm-6ba">
         <name>_c_int00_noargs</name>
         <value>0x4539</value>
         <object_component_ref idref="oc-64"/>
      </symbol>
      <symbol id="sm-6e2">
         <name>__TI_auto_init_nobinit_nopinit</name>
         <value>0x44f5</value>
         <object_component_ref idref="oc-178"/>
      </symbol>
      <symbol id="sm-6ec">
         <name>_system_pre_init</name>
         <value>0x45f1</value>
         <object_component_ref idref="oc-bc"/>
      </symbol>
      <symbol id="sm-6f8">
         <name>C$$EXIT</name>
         <value>0x45f5</value>
         <object_component_ref idref="oc-16c"/>
      </symbol>
      <symbol id="sm-6f9">
         <name>abort</name>
         <value>0x45f5</value>
         <object_component_ref idref="oc-16c"/>
      </symbol>
      <symbol id="sm-6fc">
         <name>__TI_static_base__</name>
         <value>0x0</value>
      </symbol>
      <symbol id="sm-6ff">
         <name>__mpu_init</name>
         <value>0x0</value>
      </symbol>
      <symbol id="sm-700">
         <name>_system_post_cinit</name>
         <value>0x0</value>
      </symbol>
   </symbol_table>
   <title>Link successful</title>
</link_info>
