******************************************************************************
                  TI ARM Linker PC v20.2.7                     
******************************************************************************
>> Linked Mon May  4 15:38:12 2026

OUTPUT FILE NAME:   <final.out>
ENTRY POINT SYMBOL: "_c_int00_noargs"  address: 00004539


MEMORY CONFIGURATION

         name            origin    length      used     unused   attr    fill
----------------------  --------  ---------  --------  --------  ----  --------
  FLASH                 00000000   00040000  00004674  0003b98c  R  X
  SRAM                  20000000   00008000  00001efb  00006105  RW X


SEGMENT ALLOCATION MAP

run origin  load origin   length   init length attrs members
----------  ----------- ---------- ----------- ----- -------
00000000    00000000    00004678   00004678    r-x
  00000000    00000000    0000026c   0000026c    r-- .intvecs
  0000026c    0000026c    0000438c   0000438c    r-x .text
  000045f8    000045f8    00000044   00000044    r-- .const
  00004640    00004640    00000038   00000038    r-- .cinit
20000000    20000000    00001f02   00000000    rw-
  20000000    20000000    00001cb9   00000000    rw- .bss
  20001cc0    20001cc0    00000200   00000000    rw- .stack
  20001ec0    20001ec0    00000042   00000000    rw- .data


SECTION ALLOCATION MAP

 output                                  attributes/
section   page    origin      length       input sections
--------  ----  ----------  ----------   ----------------
.intvecs   0    00000000    0000026c     
                  00000000    0000026c     startup_frt.obj (.intvecs)

.text      0    0000026c    0000438c     
                  0000026c    00001d30     tasks.obj (.text)
                  00001f9c    00000bea     queue.obj (.text)
                  00002b86    00000002     --HOLE-- [fill = 0]
                  00002b88    00000820     coffee_machine.obj (.text)
                  000033a8    00000254     main.obj (.text)
                  000035fc    00000250     lcd.obj (.text)
                  0000384c    000001d8     heap_2.obj (.text)
                  00003a24    000001cc     keypad_driver.obj (.text)
                  00003bf0    000001cc     rotary_encoder.obj (.text)
                  00003dbc    0000013c     port.obj (.text)
                  00003ef8    0000012a     list.obj (.text)
                  00004022    00000002     --HOLE-- [fill = 0]
                  00004024    00000120     switch.obj (.text)
                  00004144    000000da     portasm.obj (.text)
                  0000421e    0000009c     rtsv7M4_T_le_v4SPD16_eabi.lib : memcpy_t2.asm.obj (.text)
                  000042ba    00000002     --HOLE-- [fill = 0]
                  000042bc    00000090     timer.obj (.text)
                  0000434c    0000007a     rtsv7M4_T_le_v4SPD16_eabi.lib : memset_t2.asm.obj (.text)
                  000043c6    00000002     --HOLE-- [fill = 0]
                  000043c8    0000006c     systick_frt.obj (.text)
                  00004434    00000068     rtsv7M4_T_le_v4SPD16_eabi.lib : copy_decompress_lzss.c.obj (.text:decompress:lzss:__TI_decompress_lzss)
                  0000449c    00000058     status_led.obj (.text)
                  000044f4    00000044     rtsv7M4_T_le_v4SPD16_eabi.lib : autoinit.c.obj (.text:__TI_auto_init_nobinit_nopinit:__TI_auto_init_nobinit_nopinit)
                  00004538    00000034                                   : boot_cortex_m.c.obj (.text:_c_int00_noargs:_c_int00_noargs)
                  0000456c    0000001e                                   : strcat.c.obj (.text:strcat)
                  0000458a    00000018                                   : strcmp.c.obj (.text:strcmp)
                  000045a2    00000014                                   : strcpy.c.obj (.text:strcpy)
                  000045b6    00000014                                   : strlen.c.obj (.text:strlen)
                  000045ca    0000000e                                   : copy_decompress_none.c.obj (.text:decompress:none:__TI_decompress_none)
                  000045d8    0000000c                                   : copy_zero_init.c.obj (.text:decompress:ZI:__TI_zero_init)
                  000045e4    0000000c     startup_frt.obj (.text)
                  000045f0    00000004     rtsv7M4_T_le_v4SPD16_eabi.lib : pre_init.c.obj (.text:_system_pre_init)
                  000045f4    00000004                                   : exit.c.obj (.text:abort:abort)

.const     0    000045f8    00000044     
                  000045f8    0000000f     coffee_machine.obj (.const:$P$T0$1)
                  00004607    0000000f     coffee_machine.obj (.const:$P$T1$2)
                  00004616    0000000f     coffee_machine.obj (.const:$P$T2$3)
                  00004625    0000000c     keypad_driver.obj (.const:$P$T0$1)
                  00004631    00000003     --HOLE-- [fill = 0]
                  00004634    00000004     port.obj (.const)
                  00004638    00000004     tasks.obj (.const)

.cinit     0    00004640    00000038     
                  00004640    00000012     (.cinit..data.load) [load image, compression = lzss]
                  00004652    00000002     --HOLE-- [fill = 0]
                  00004654    0000000c     (__TI_handler_table)
                  00004660    00000008     (.cinit..bss.load) [load image, compression = zero_init]
                  00004668    00000010     (__TI_cinit_table)

.init_array 
*          0    00000000    00000000     UNINITIALIZED

.bss       0    20000000    00001cb9     UNINITIALIZED
                  20000000    00001b58     heap_2.obj (.bss:ucHeap)
                  20001b58    000000c8     tasks.obj (.bss:pxReadyTasksLists)
                  20001c20    00000014     tasks.obj (.bss:xDelayedTaskList1)
                  20001c34    00000014     tasks.obj (.bss:xDelayedTaskList2)
                  20001c48    00000014     tasks.obj (.bss:xPendingReadyList)
                  20001c5c    00000014     tasks.obj (.bss:xSuspendedTaskList)
                  20001c70    00000014     tasks.obj (.bss:xTasksWaitingTermination)
                  20001c84    00000008     tasks.obj (.bss)
                  20001c8c    00000008     heap_2.obj (.bss:xEnd)
                  20001c94    00000008     heap_2.obj (.bss:xStart)
                  20001c9c    00000004     (.common:result)
                  20001ca0    00000004     (.common:xEnc_Button_Queue)
                  20001ca4    00000004     (.common:xEnc_rotary_Queue)
                  20001ca8    00000004     (.common:xKeypad_Queue)
                  20001cac    00000004     (.common:xLCD_Queue)
                  20001cb0    00000004     (.common:xSW1_Queue)
                  20001cb4    00000004     (.common:xSW2_Queue)
                  20001cb8    00000001     (.common:current_state)

.data      0    20001ec0    00000042     UNINITIALIZED
                  20001ec0    00000034     tasks.obj (.data)
                  20001ef4    00000008     heap_2.obj (.data)
                  20001efc    00000004     port.obj (.data)
                  20001f00    00000001     coffee_machine.obj (.data)
                  20001f01    00000001     timer.obj (.data)

.stack     0    20001cc0    00000200     UNINITIALIZED
                  20001cc0    00000004     rtsv7M4_T_le_v4SPD16_eabi.lib : boot_cortex_m.c.obj (.stack)
                  20001cc4    000001fc     --HOLE--

__llvm_prf_cnts 
*          0    20000000    00000000     UNINITIALIZED

MODULE SUMMARY

       Module                       code    ro data   rw data
       ------                       ----    -------   -------
    .\
       tasks.obj                    7472    4         360    
       heap_2.obj                   472     0         7024   
       queue.obj                    3050    0         0      
       coffee_machine.obj           2080    45        2      
       startup_frt.obj              12      620       0      
       main.obj                     596     0         28     
       lcd.obj                      592     0         0      
       keypad_driver.obj            460     12        0      
       rotary_encoder.obj           460     0         0      
       port.obj                     316     4         4      
       list.obj                     298     0         0      
       switch.obj                   288     0         0      
       portasm.obj                  218     0         0      
       timer.obj                    144     0         1      
       systick_frt.obj              108     0         0      
       status_led.obj               88      0         0      
    +--+----------------------------+-------+---------+---------+
       Total:                       16654   685       7419   
                                                             
    C:\ti\ccs1260\ccs\tools\compiler\ti-cgt-arm_20.2.7.LTS\lib\rtsv7M4_T_le_v4SPD16_eabi.lib
       memcpy_t2.asm.obj            156     0         0      
       memset_t2.asm.obj            122     0         0      
       copy_decompress_lzss.c.obj   104     0         0      
       autoinit.c.obj               68      0         0      
       boot_cortex_m.c.obj          52      0         0      
       strcat.c.obj                 30      0         0      
       strcmp.c.obj                 24      0         0      
       strcpy.c.obj                 20      0         0      
       strlen.c.obj                 20      0         0      
       copy_decompress_none.c.obj   14      0         0      
       copy_zero_init.c.obj         12      0         0      
       exit.c.obj                   4       0         0      
       pre_init.c.obj               4       0         0      
    +--+----------------------------+-------+---------+---------+
       Total:                       630     0         0      
                                                             
       Stack:                       0       0         512    
       Linker Generated:            0       54        0      
    +--+----------------------------+-------+---------+---------+
       Grand Total:                 17284   739       7931   


LINKER GENERATED COPY TABLES

__TI_cinit_table @ 00004668 records: 2, size/record: 8, table size: 16
	.data: load addr=00004640, load size=00000012 bytes, run addr=20001ec0, run size=00000042 bytes, compression=lzss
	.bss: load addr=00004660, load size=00000008 bytes, run addr=20000000, run size=00001cb9 bytes, compression=zero_init


LINKER GENERATED HANDLER TABLE

__TI_handler_table @ 00004654 records: 3, size/record: 4, table size: 12
	index: 0, handler: __TI_decompress_lzss
	index: 1, handler: __TI_decompress_none
	index: 2, handler: __TI_zero_init


GLOBAL SYMBOLS: SORTED ALPHABETICALLY BY Name 

address   name                               
-------   ----                               
000045f5  C$$EXIT                            
00003751  ClearDisplay                       
000045e5  ResetISR                           
000036f1  SetCursor                          
0000372d  WriteChar                          
00003771  WriteString                        
20001ec0  __STACK_END                        
00000200  __STACK_SIZE                       
20001ec0  __STACK_TOP                        
00004668  __TI_CINIT_Base                    
00004678  __TI_CINIT_Limit                   
00004654  __TI_Handler_Table_Base            
00004660  __TI_Handler_Table_Limit           
000044f5  __TI_auto_init_nobinit_nopinit     
00004435  __TI_decompress_lzss               
000045cb  __TI_decompress_none               
ffffffff  __TI_pprof_out_hndl                
ffffffff  __TI_prof_data_size                
ffffffff  __TI_prof_data_start               
00000000  __TI_static_base__                 
000045d9  __TI_zero_init                     
0000434d  __aeabi_memclr                     
0000434d  __aeabi_memclr4                    
0000434d  __aeabi_memclr8                    
0000421f  __aeabi_memcpy                     
0000421f  __aeabi_memcpy4                    
0000421f  __aeabi_memcpy8                    
0000434f  __aeabi_memset                     
0000434f  __aeabi_memset4                    
0000434f  __aeabi_memset8                    
ffffffff  __binit__                          
ffffffff  __c_args__                         
UNDEFED   __mpu_init                         
20001cc0  __stack                            
20000000  __start___llvm_prf_cnts            
20000000  __stop___llvm_prf_cnts             
00004539  _c_int00_noargs                    
UNDEFED   _system_post_cinit                 
000045f1  _system_pre_init                   
000045f5  abort                              
ffffffff  binit                              
00003c3f  button_read                        
00003acb  check_column                       
00002cd1  coffee_machine_task                
000036cd  command                            
20001cb8  current_state                      
00000000  g_pfnVectors                       
00003429  green_led_init                     
000043c9  init_systick                       
00002b89  intToStr                           
00003a9d  key_catch                          
00003a25  keypad_init                        
00003b19  keypad_task                        
000035fd  lcd_init                           
0000363f  lcd_startup_sequence               
00003799  lcd_task                           
00003491  main                               
0000421f  memcpy                             
00004355  memset                             
00000d11  pcTaskGetName                      
00003673  pulseEnable                        
0000384d  pvPortMalloc                       
000017c9  pvTaskIncrementMutexHeldCount      
20001ec0  pxCurrentTCB                       
00003dbd  pxPortInitialiseStack              
000033a9  red_led_init                       
20001c9c  result                             
00003bf1  rot_enc_init                       
00003c27  rotary_read                        
00003c49  rotary_task                        
00003a65  row                                
00002cad  run_timer                          
00002c5f  show_timer                         
0000449d  status_led_init                    
000044cb  status_led_task                    
0000456d  strcat                             
0000458b  strcmp                             
000045a3  strcpy                             
000045b7  strlen                             
0000406b  sw1_pressed                        
0000407f  sw2_pressed                        
00004025  switch_init                        
00004093  switch_task                        
000042d7  timer_get_100ms                    
000042bd  timer_reset                        
000042c5  timer_tick_100ms                   
000042dd  timer_to_string                    
00004634  ulMaxSyscallInterruptPriority      
00004155  ulPortGetIPSR                      
000017e9  ulTaskGenericNotifyTake            
00001e59  ulTaskGenericNotifyValueClear      
00003fdb  uxListRemove                       
000028d5  uxQueueMessagesWaiting             
0000290b  uxQueueMessagesWaitingFromISR      
000028eb  uxQueueSpacesAvailable             
00000d01  uxTaskGetNumberOfTasks             
00000621  uxTaskPriorityGet                  
0000064d  uxTaskPriorityGetFromISR           
000017a1  uxTaskResetEventItemValue          
00004638  uxTopUsedPriority                  
00003ef9  vListInitialise                    
00003f29  vListInitialiseItem                
00003f75  vListInsert                        
00003f39  vListInsertEnd                     
00004211  vPortEnableVFP                     
00003e5d  vPortEndScheduler                  
00003e5f  vPortEnterCritical                 
00003e7f  vPortExitCritical                  
00003965  vPortFree                          
000039c9  vPortInitialiseBlocks              
000041cd  vPortSVCHandler                    
00003ebb  vPortSetupTimerInterrupt           
000041ed  vPortStartFirstTask                
00002921  vQueueDelete                       
000005eb  vTaskDelay                         
000004a3  vTaskDelete                        
00000b17  vTaskEndScheduler                  
00001cb1  vTaskGenericNotifyGiveFromISR      
000012bd  vTaskInternalSetTimeOutState       
00001361  vTaskMissedYield                   
00000f9b  vTaskPlaceOnEventList              
00000fbd  vTaskPlaceOnUnorderedEventList     
000016a1  vTaskPriorityDisinheritAfterTimeout
000006a9  vTaskPrioritySet                   
00001195  vTaskRemoveFromUnorderedEventList  
0000092b  vTaskResume                        
0000129f  vTaskSetTimeOutState               
00000acd  vTaskStartScheduler                
00000801  vTaskSuspend                       
00000b33  vTaskSuspendAll                    
00000f39  vTaskSwitchContext                 
000036a9  write4                             
20001ca0  xEnc_Button_Queue                  
20001ca4  xEnc_rotary_Queue                  
20001ca8  xKeypad_Queue                      
20001cac  xLCD_Queue                         
000039c3  xPortGetFreeHeapSize               
0000416d  xPortPendSVHandler                 
00003e27  xPortStartScheduler                
00003e95  xPortSysTickHandler                
0000213f  xQueueCreateMutex                  
0000206f  xQueueGenericCreate                
00001f9d  xQueueGenericReset                 
000021eb  xQueueGenericSend                  
00002319  xQueueGenericSendFromISR           
000023bb  xQueueGiveFromISR                  
0000216b  xQueueGiveMutexRecursive           
00002b1b  xQueueIsQueueEmptyFromISR          
00002b61  xQueueIsQueueFullFromISR           
000026c7  xQueuePeek                         
00002883  xQueuePeekFromISR                  
0000244f  xQueueReceive                      
000027e9  xQueueReceiveFromISR               
0000256d  xQueueSemaphoreTake                
000021a7  xQueueTakeMutexRecursive           
20001cb0  xSW1_Queue                         
20001cb4  xSW2_Queue                         
00000d31  xTaskCatchUpTicks                  
000012dd  xTaskCheckForTimeOut               
0000026d  xTaskCreate                        
0000055b  xTaskDelayUntil                    
00001951  xTaskGenericNotify                 
00001ad9  xTaskGenericNotifyFromISR          
00001e09  xTaskGenericNotifyStateClear       
0000188f  xTaskGenericNotifyWait             
00001465  xTaskGetCurrentTaskHandle          
00000cd5  xTaskGetTickCount                  
00000ce9  xTaskGetTickCountFromISR           
00000d6d  xTaskIncrementTick                 
000015a9  xTaskPriorityDisinherit            
00001489  xTaskPriorityInherit               
00001035  xTaskRemoveFromEventList           
00000b49  xTaskResumeAll                     
000009f5  xTaskResumeFromISR                 
000033e9  yellow_led_init                    


GLOBAL SYMBOLS: SORTED BY Symbol Address 

address   name                               
-------   ----                               
00000000  __TI_static_base__                 
00000000  g_pfnVectors                       
00000200  __STACK_SIZE                       
0000026d  xTaskCreate                        
000004a3  vTaskDelete                        
0000055b  xTaskDelayUntil                    
000005eb  vTaskDelay                         
00000621  uxTaskPriorityGet                  
0000064d  uxTaskPriorityGetFromISR           
000006a9  vTaskPrioritySet                   
00000801  vTaskSuspend                       
0000092b  vTaskResume                        
000009f5  xTaskResumeFromISR                 
00000acd  vTaskStartScheduler                
00000b17  vTaskEndScheduler                  
00000b33  vTaskSuspendAll                    
00000b49  xTaskResumeAll                     
00000cd5  xTaskGetTickCount                  
00000ce9  xTaskGetTickCountFromISR           
00000d01  uxTaskGetNumberOfTasks             
00000d11  pcTaskGetName                      
00000d31  xTaskCatchUpTicks                  
00000d6d  xTaskIncrementTick                 
00000f39  vTaskSwitchContext                 
00000f9b  vTaskPlaceOnEventList              
00000fbd  vTaskPlaceOnUnorderedEventList     
00001035  xTaskRemoveFromEventList           
00001195  vTaskRemoveFromUnorderedEventList  
0000129f  vTaskSetTimeOutState               
000012bd  vTaskInternalSetTimeOutState       
000012dd  xTaskCheckForTimeOut               
00001361  vTaskMissedYield                   
00001465  xTaskGetCurrentTaskHandle          
00001489  xTaskPriorityInherit               
000015a9  xTaskPriorityDisinherit            
000016a1  vTaskPriorityDisinheritAfterTimeout
000017a1  uxTaskResetEventItemValue          
000017c9  pvTaskIncrementMutexHeldCount      
000017e9  ulTaskGenericNotifyTake            
0000188f  xTaskGenericNotifyWait             
00001951  xTaskGenericNotify                 
00001ad9  xTaskGenericNotifyFromISR          
00001cb1  vTaskGenericNotifyGiveFromISR      
00001e09  xTaskGenericNotifyStateClear       
00001e59  ulTaskGenericNotifyValueClear      
00001f9d  xQueueGenericReset                 
0000206f  xQueueGenericCreate                
0000213f  xQueueCreateMutex                  
0000216b  xQueueGiveMutexRecursive           
000021a7  xQueueTakeMutexRecursive           
000021eb  xQueueGenericSend                  
00002319  xQueueGenericSendFromISR           
000023bb  xQueueGiveFromISR                  
0000244f  xQueueReceive                      
0000256d  xQueueSemaphoreTake                
000026c7  xQueuePeek                         
000027e9  xQueueReceiveFromISR               
00002883  xQueuePeekFromISR                  
000028d5  uxQueueMessagesWaiting             
000028eb  uxQueueSpacesAvailable             
0000290b  uxQueueMessagesWaitingFromISR      
00002921  vQueueDelete                       
00002b1b  xQueueIsQueueEmptyFromISR          
00002b61  xQueueIsQueueFullFromISR           
00002b89  intToStr                           
00002c5f  show_timer                         
00002cad  run_timer                          
00002cd1  coffee_machine_task                
000033a9  red_led_init                       
000033e9  yellow_led_init                    
00003429  green_led_init                     
00003491  main                               
000035fd  lcd_init                           
0000363f  lcd_startup_sequence               
00003673  pulseEnable                        
000036a9  write4                             
000036cd  command                            
000036f1  SetCursor                          
0000372d  WriteChar                          
00003751  ClearDisplay                       
00003771  WriteString                        
00003799  lcd_task                           
0000384d  pvPortMalloc                       
00003965  vPortFree                          
000039c3  xPortGetFreeHeapSize               
000039c9  vPortInitialiseBlocks              
00003a25  keypad_init                        
00003a65  row                                
00003a9d  key_catch                          
00003acb  check_column                       
00003b19  keypad_task                        
00003bf1  rot_enc_init                       
00003c27  rotary_read                        
00003c3f  button_read                        
00003c49  rotary_task                        
00003dbd  pxPortInitialiseStack              
00003e27  xPortStartScheduler                
00003e5d  vPortEndScheduler                  
00003e5f  vPortEnterCritical                 
00003e7f  vPortExitCritical                  
00003e95  xPortSysTickHandler                
00003ebb  vPortSetupTimerInterrupt           
00003ef9  vListInitialise                    
00003f29  vListInitialiseItem                
00003f39  vListInsertEnd                     
00003f75  vListInsert                        
00003fdb  uxListRemove                       
00004025  switch_init                        
0000406b  sw1_pressed                        
0000407f  sw2_pressed                        
00004093  switch_task                        
00004155  ulPortGetIPSR                      
0000416d  xPortPendSVHandler                 
000041cd  vPortSVCHandler                    
000041ed  vPortStartFirstTask                
00004211  vPortEnableVFP                     
0000421f  __aeabi_memcpy                     
0000421f  __aeabi_memcpy4                    
0000421f  __aeabi_memcpy8                    
0000421f  memcpy                             
000042bd  timer_reset                        
000042c5  timer_tick_100ms                   
000042d7  timer_get_100ms                    
000042dd  timer_to_string                    
0000434d  __aeabi_memclr                     
0000434d  __aeabi_memclr4                    
0000434d  __aeabi_memclr8                    
0000434f  __aeabi_memset                     
0000434f  __aeabi_memset4                    
0000434f  __aeabi_memset8                    
00004355  memset                             
000043c9  init_systick                       
00004435  __TI_decompress_lzss               
0000449d  status_led_init                    
000044cb  status_led_task                    
000044f5  __TI_auto_init_nobinit_nopinit     
00004539  _c_int00_noargs                    
0000456d  strcat                             
0000458b  strcmp                             
000045a3  strcpy                             
000045b7  strlen                             
000045cb  __TI_decompress_none               
000045d9  __TI_zero_init                     
000045e5  ResetISR                           
000045f1  _system_pre_init                   
000045f5  C$$EXIT                            
000045f5  abort                              
00004634  ulMaxSyscallInterruptPriority      
00004638  uxTopUsedPriority                  
00004654  __TI_Handler_Table_Base            
00004660  __TI_Handler_Table_Limit           
00004668  __TI_CINIT_Base                    
00004678  __TI_CINIT_Limit                   
20000000  __start___llvm_prf_cnts            
20000000  __stop___llvm_prf_cnts             
20001c9c  result                             
20001ca0  xEnc_Button_Queue                  
20001ca4  xEnc_rotary_Queue                  
20001ca8  xKeypad_Queue                      
20001cac  xLCD_Queue                         
20001cb0  xSW1_Queue                         
20001cb4  xSW2_Queue                         
20001cb8  current_state                      
20001cc0  __stack                            
20001ec0  __STACK_END                        
20001ec0  __STACK_TOP                        
20001ec0  pxCurrentTCB                       
ffffffff  __TI_pprof_out_hndl                
ffffffff  __TI_prof_data_size                
ffffffff  __TI_prof_data_start               
ffffffff  __binit__                          
ffffffff  __c_args__                         
ffffffff  binit                              
UNDEFED   __mpu_init                         
UNDEFED   _system_post_cinit                 

[175 symbols]
